Product: MDK-ARM Standard 5.10
Component: ARM Compiler 5.04 update 1 (build 49)
Tool: armlink [5040049]

==============================================================================

Section Cross References

    startup_stm32f10x_hd.o(STACK) refers (Special) to heapauxi.o(.text) for __use_two_region_memory
    startup_stm32f10x_hd.o(HEAP) refers (Special) to heapauxi.o(.text) for __use_two_region_memory
    startup_stm32f10x_hd.o(RESET) refers (Special) to heapauxi.o(.text) for __use_two_region_memory
    startup_stm32f10x_hd.o(RESET) refers to startup_stm32f10x_hd.o(STACK) for __initial_sp
    startup_stm32f10x_hd.o(RESET) refers to startup_stm32f10x_hd.o(.text) for Reset_Handler
    startup_stm32f10x_hd.o(RESET) refers to stm32f10x_it.o(.text) for NMI_Handler
    startup_stm32f10x_hd.o(RESET) refers to usart.o(.text) for USART1_IRQHandler
    startup_stm32f10x_hd.o(.text) refers (Special) to heapauxi.o(.text) for __use_two_region_memory
    startup_stm32f10x_hd.o(.text) refers to system_stm32f10x.o(.text) for SystemInit
    startup_stm32f10x_hd.o(.text) refers to __main.o(!!!main) for __main
    startup_stm32f10x_hd.o(.text) refers to startup_stm32f10x_hd.o(HEAP) for Heap_Mem
    startup_stm32f10x_hd.o(.text) refers to startup_stm32f10x_hd.o(STACK) for Stack_Mem
    stm32f10x_gpio.o(.text) refers to stm32f10x_rcc.o(.text) for RCC_APB2PeriphResetCmd
    stm32f10x_rcc.o(.text) refers to stm32f10x_rcc.o(.data) for APBAHBPrescTable
    stm32f10x_usart.o(.text) refers to stm32f10x_rcc.o(.text) for RCC_APB2PeriphResetCmd
    main.o(.text) refers to delay.o(.text) for delay_init
    main.o(.text) refers to usart.o(.text) for USART1_Init
    main.o(.text) refers to hcsr04.o(.text) for HCSR04_Init
    main.o(.text) refers to strtonum.o(.text) for TempOrPressure
    main.o(.text) refers to rt_memclr_w.o(.text) for __aeabi_memclr4
    main.o(.text) refers to usart.o(.data) for USART_RX2_STA
    main.o(.text) refers to usart.o(.bss) for Rx2Buf
    system_stm32f10x.o(.text) refers to system_stm32f10x.o(.data) for SystemCoreClock
    hcsr04.o(.text) refers to stm32f10x_rcc.o(.text) for RCC_APB2PeriphClockCmd
    hcsr04.o(.text) refers to stm32f10x_gpio.o(.text) for GPIO_Init
    hcsr04.o(.text) refers to delay.o(.text) for delay_us
    hcsr04.o(.text) refers to fflt_clz.o(x$fpl$fflt) for __aeabi_i2f
    hcsr04.o(.text) refers to faddsub_clz.o(x$fpl$fadd) for __aeabi_fadd
    hcsr04.o(.text) refers to fflt_clz.o(x$fpl$ffltu) for __aeabi_ui2f
    hcsr04.o(.text) refers to fdiv.o(x$fpl$fdiv) for __aeabi_fdiv
    hcsr04.o(.text) refers to sort.o(.text) for Bubble_Sort
    delay.o(.text) refers to misc.o(.text) for SysTick_CLKSourceConfig
    delay.o(.text) refers to delay.o(.data) for fac_us
    sys.o(.text) refers to misc.o(.text) for NVIC_PriorityGroupConfig
    usart.o(.text) refers to stm32f10x_rcc.o(.text) for RCC_APB2PeriphClockCmd
    usart.o(.text) refers to stm32f10x_usart.o(.text) for USART_DeInit
    usart.o(.text) refers to stm32f10x_gpio.o(.text) for GPIO_Init
    usart.o(.text) refers to misc.o(.text) for NVIC_Init
    usart.o(.text) refers to c89vsnprintf.o(.text) for __c89vsnprintf
    usart.o(.text) refers to usart.o(.bss) for Rx1Buf
    usart.o(.text) refers to usart.o(.data) for Rx1Flag
    strtonum.o(.text) refers to strlen.o(.text) for strlen
    c89vsnprintf.o(.text) refers (Special) to _printf_a.o(.ARM.Collect$$_printf_percent$$00000006) for _printf_a
    c89vsnprintf.o(.text) refers (Special) to _printf_c.o(.ARM.Collect$$_printf_percent$$00000013) for _printf_c
    c89vsnprintf.o(.text) refers (Special) to _printf_charcount.o(.text) for _printf_charcount
    c89vsnprintf.o(.text) refers (Special) to _printf_d.o(.ARM.Collect$$_printf_percent$$00000009) for _printf_d
    c89vsnprintf.o(.text) refers (Special) to _printf_e.o(.ARM.Collect$$_printf_percent$$00000004) for _printf_e
    c89vsnprintf.o(.text) refers (Special) to _printf_f.o(.ARM.Collect$$_printf_percent$$00000003) for _printf_f
    c89vsnprintf.o(.text) refers (Special) to printf1.o(x$fpl$printf1) for _printf_fp_dec
    c89vsnprintf.o(.text) refers (Special) to _printf_g.o(.ARM.Collect$$_printf_percent$$00000005) for _printf_g
    c89vsnprintf.o(.text) refers (Special) to _printf_i.o(.ARM.Collect$$_printf_percent$$00000008) for _printf_i
    c89vsnprintf.o(.text) refers (Special) to _printf_dec.o(.text) for _printf_int_dec
    c89vsnprintf.o(.text) refers (Special) to _printf_l.o(.ARM.Collect$$_printf_percent$$00000012) for _printf_l
    c89vsnprintf.o(.text) refers (Special) to _printf_lc.o(.ARM.Collect$$_printf_percent$$00000015) for _printf_lc
    c89vsnprintf.o(.text) refers (Special) to _printf_ll.o(.ARM.Collect$$_printf_percent$$00000007) for _printf_ll
    c89vsnprintf.o(.text) refers (Special) to _printf_lld.o(.ARM.Collect$$_printf_percent$$0000000E) for _printf_lld
    c89vsnprintf.o(.text) refers (Special) to _printf_lli.o(.ARM.Collect$$_printf_percent$$0000000D) for _printf_lli
[...]
    ../clib/printf.c                         0x00000000   Number         0  _snputc.o ABSOLUTE
    ../clib/printf.c                         0x00000000   Number         0  _printf_wctomb.o ABSOLUTE
    ../clib/printf.c                         0x00000000   Number         0  _printf_longlong_dec.o ABSOLUTE
    ../clib/printf.c                         0x00000000   Number         0  _printf_oct_ll.o ABSOLUTE
    ../clib/printf.c                         0x00000000   Number         0  _printf_oct_int.o ABSOLUTE
    ../clib/printf.c                         0x00000000   Number         0  _printf_oct_int_ll.o ABSOLUTE
    ../clib/printf.c                         0x00000000   Number         0  _printf_hex_ll.o ABSOLUTE
    ../clib/printf.c                         0x00000000   Number         0  _printf_hex_int.o ABSOLUTE
    ../clib/printf.c                         0x00000000   Number         0  _printf_hex_int_ll.o ABSOLUTE
    ../clib/printf.c                         0x00000000   Number         0  _printf_hex_ptr.o ABSOLUTE
    ../clib/printf.c                         0x00000000   Number         0  _printf_hex_int_ptr.o ABSOLUTE
    ../clib/printf.c                         0x00000000   Number         0  _printf_hex_ll_ptr.o ABSOLUTE
    ../clib/printf.c                         0x00000000   Number         0  _printf_hex_int_ll_ptr.o ABSOLUTE
    ../clib/printf.c                         0x00000000   Number         0  __printf_flags.o ABSOLUTE
    ../clib/printf.c                         0x00000000   Number         0  __printf_ss.o ABSOLUTE
    ../clib/printf.c                         0x00000000   Number         0  __printf_flags_ss.o ABSOLUTE
    ../clib/printf.c                         0x00000000   Number         0  __printf_wp.o ABSOLUTE
    ../clib/printf.c                         0x00000000   Number         0  __printf_flags_wp.o ABSOLUTE
    ../clib/printf_percent.s                 0x00000000   Number         0  _printf_llo.o ABSOLUTE
    ../clib/printf_percent.s                 0x00000000   Number         0  _printf_x.o ABSOLUTE
    ../clib/printf_percent.s                 0x00000000   Number         0  _printf_lc.o ABSOLUTE
    ../clib/printf_percent.s                 0x00000000   Number         0  _printf_p.o ABSOLUTE
    ../clib/printf_percent.s                 0x00000000   Number         0  _printf_l.o ABSOLUTE
    ../clib/printf_percent.s                 0x00000000   Number         0  _printf_o.o ABSOLUTE
    ../clib/printf_percent.s                 0x00000000   Number         0  _printf_ll.o ABSOLUTE
    ../clib/printf_percent.s                 0x00000000   Number         0  _printf_i.o ABSOLUTE
    ../clib/printf_percent.s                 0x00000000   Number         0  _printf_llu.o ABSOLUTE
    ../clib/printf_percent.s                 0x00000000   Number         0  _printf_d.o ABSOLUTE
    ../clib/printf_percent.s                 0x00000000   Number         0  _printf_lld.o ABSOLUTE
    ../clib/printf_percent.s                 0x00000000   Number         0  _printf_u.o ABSOLUTE
    ../clib/printf_percent.s                 0x00000000   Number         0  _printf_lli.o ABSOLUTE
    ../clib/printf_percent.s                 0x00000000   Number         0  _printf_f.o ABSOLUTE
    ../clib/printf_percent.s                 0x00000000   Number         0  _printf_percent.o ABSOLUTE
    ../clib/printf_percent.s                 0x00000000   Number         0  _printf_e.o ABSOLUTE
    ../clib/printf_percent.s                 0x00000000   Number         0  _printf_a.o ABSOLUTE
    ../clib/printf_percent.s                 0x00000000   Number         0  _printf_g.o ABSOLUTE
    ../clib/printf_percent.s                 0x00000000   Number         0  _printf_llx.o ABSOLUTE
    ../clib/printf_percent.s                 0x00000000   Number         0  _printf_c.o ABSOLUTE
    ../clib/printf_percent.s                 0x00000000   Number         0  _printf_percent_end.o ABSOLUTE
    ../clib/printf_percent.s                 0x00000000   Number         0  _printf_s.o ABSOLUTE
    ../clib/printf_percent.s                 0x00000000   Number         0  _printf_ls.o ABSOLUTE
    ../clib/printf_percent.s                 0x00000000   Number         0  _printf_n.o ABSOLUTE
    ../clib/signal.c                         0x00000000   Number         0  defsig_fpe_inner.o ABSOLUTE
    ../clib/signal.c                         0x00000000   Number         0  defsig_abrt_inner.o ABSOLUTE
    ../clib/signal.c                         0x00000000   Number         0  defsig_rtmem_formal.o ABSOLUTE
    ../clib/signal.c                         0x00000000   Number         0  defsig_general.o ABSOLUTE
    ../clib/signal.c                         0x00000000   Number         0  __raise.o ABSOLUTE
    ../clib/signal.c                         0x00000000   Number         0  defsig_exit.o ABSOLUTE
    ../clib/signal.c                         0x00000000   Number         0  defsig_rtmem_outer.o ABSOLUTE
    ../clib/signal.c                         0x00000000   Number         0  defsig_rtmem_inner.o ABSOLUTE
    ../clib/signal.c                         0x00000000   Number         0  defsig_other.o ABSOLUTE
    ../clib/signal.c                         0x00000000   Number         0  defsig_segv_inner.o ABSOLUTE
    ../clib/signal.c                         0x00000000   Number         0  defsig_cppl_inner.o ABSOLUTE
    ../clib/signal.c                         0x00000000   Number         0  defsig_pvfn_inner.o ABSOLUTE
    ../clib/signal.c                         0x00000000   Number         0  defsig_stak_inner.o ABSOLUTE
    ../clib/signal.c                         0x00000000   Number         0  defsig_rtred_inner.o ABSOLUTE
    ../clib/signal.s                         0x00000000   Number         0  defsig.o ABSOLUTE
    ../clib/stdlib.c                         0x00000000   Number         0  exit.o ABSOLUTE
    ../clib/string.c                         0x00000000   Number         0  strlen.o ABSOLUTE
    ../fplib/faddsub.s                       0x00000000   Number         0  faddsub_clz.o ABSOLUTE
    ../fplib/fdiv.s                          0x00000000   Number         0  fdiv.o ABSOLUTE
    ../fplib/fflt.s                          0x00000000   Number         0  fflt_clz.o ABSOLUTE
    ../fplib/fnaninf.s                       0x00000000   Number         0  fnaninf.o ABSOLUTE
    ../fplib/fpinit.s                        0x00000000   Number         0  fpinit.o ABSOLUTE
    ../fplib/fretinf.s                       0x00000000   Number         0  fretinf.o ABSOLUTE
    ../fplib/istatus.s                       0x00000000   Number         0  istatus.o ABSOLUTE
    ../fplib/printf1.s                       0x00000000   Number         0  printf1.o ABSOLUTE
    ../fplib/usenofp.s                       0x00000000   Number         0  usenofp.o ABSOLUTE
    ../mathlib/fpclassify.c                  0x00000000   Number         0  fpclassify.o ABSOLUTE
    CORE\\core_cm3.c                         0x00000000   Number         0  core_cm3.o ABSOLUTE
    CORE\core_cm3.c                          0x00000000   Number         0  core_cm3.o ABSOLUTE
    CORE\startup_stm32f10x_hd.s              0x00000000   Number         0  startup_stm32f10x_hd.o ABSOLUTE
    HARDWARE\HCSR04\HCSR04.c                 0x00000000   Number         0  hcsr04.o ABSOLUTE
    LIB\src\misc.c                           0x00000000   Number         0  misc.o ABSOLUTE
    LIB\src\stm32f10x_exti.c                 0x00000000   Number         0  stm32f10x_exti.o ABSOLUTE
    LIB\src\stm32f10x_gpio.c                 0x00000000   Number         0  stm32f10x_gpio.o ABSOLUTE
    LIB\src\stm32f10x_rcc.c                  0x00000000   Number         0  stm32f10x_rcc.o ABSOLUTE
    LIB\src\stm32f10x_usart.c                0x00000000   Number         0  stm32f10x_usart.o ABSOLUTE
    SOFTWARE\Sort\Sort.c                     0x00000000   Number         0  sort.o ABSOLUTE
    SOFTWARE\StrToNum\StrToNum.c             0x00000000   Number         0  strtonum.o ABSOLUTE
    SYSTEM\delay\delay.c                     0x00000000   Number         0  delay.o ABSOLUTE
    SYSTEM\sys\sys.c                         0x00000000   Number         0  sys.o ABSOLUTE
    SYSTEM\usart\usart.c                     0x00000000   Number         0  usart.o ABSOLUTE
    USER\main.c                              0x00000000   Number         0  main.o ABSOLUTE
    USER\stm32f10x_it.c                      0x00000000   Number         0  stm32f10x_it.o ABSOLUTE
    USER\system_stm32f10x.c                  0x00000000   Number         0  system_stm32f10x.o ABSOLUTE
    dc.s                                     0x00000000   Number         0  dc.o ABSOLUTE
    RESET                                    0x08000000   Section      304  startup_stm32f10x_hd.o(RESET)
    !!!main                                  0x08000130   Section        8  __main.o(!!!main)
    !!!scatter                               0x08000138   Section       52  __scatter.o(!!!scatter)
    !!handler_copy                           0x0800016c   Section       26  __scatter_copy.o(!!handler_copy)
    !!handler_zi                             0x08000188   Section       28  __scatter_zi.o(!!handler_zi)
    .ARM.Collect$$_printf_percent$$00000000  0x080001a4   Section        0  _printf_percent.o(.ARM.Collect$$_printf_percent$$00000000)
    .ARM.Collect$$_printf_percent$$00000001  0x080001a4   Section        6  _printf_n.o(.ARM.Collect$$_printf_percent$$00000001)
    .ARM.Collect$$_printf_percent$$00000002  0x080001aa   Section        6  _printf_p.o(.ARM.Collect$$_printf_percent$$00000002)
    .ARM.Collect$$_printf_percent$$00000003  0x080001b0   Section        6  _printf_f.o(.ARM.Collect$$_printf_percent$$00000003)
    .ARM.Collect$$_printf_percent$$00000004  0x080001b6   Section        6  _printf_e.o(.ARM.Collect$$_printf_percent$$00000004)
    .ARM.Collect$$_printf_percent$$00000005  0x080001bc   Section        6  _printf_g.o(.ARM.Collect$$_printf_percent$$00000005)
    .ARM.Collect$$_printf_percent$$00000006  0x080001c2   Section        6  _printf_a.o(.ARM.Collect$$_printf_percent$$00000006)
    .ARM.Collect$$_printf_percent$$00000007  0x080001c8   Section       10  _printf_ll.o(.ARM.Collect$$_printf_percent$$00000007)
    .ARM.Collect$$_printf_percent$$00000008  0x080001d2   Section        6  _printf_i.o(.ARM.Collect$$_printf_percent$$00000008)
    .ARM.Collect$$_printf_percent$$00000009  0x080001d8   Section        6  _printf_d.o(.ARM.Collect$$_printf_percent$$00000009)
    .ARM.Collect$$_printf_percent$$0000000A  0x080001de   Section        6  _printf_u.o(.ARM.Collect$$_printf_percent$$0000000A)
    .ARM.Collect$$_printf_percent$$0000000B  0x080001e4   Section        6  _printf_o.o(.ARM.Collect$$_printf_percent$$0000000B)
    .ARM.Collect$$_printf_percent$$0000000C  0x080001ea   Section        6  _printf_x.o(.ARM.Collect$$_printf_percent$$0000000C)
    .ARM.Collect$$_printf_percent$$0000000D  0x080001f0   Section        6  _printf_lli.o(.ARM.Collect$$_printf_percent$$0000000D)
    .ARM.Collect$$_printf_percent$$0000000E  0x080001f6   Section        6  _printf_lld.o(.ARM.Collect$$_printf_percent$$0000000E)
    .ARM.Collect$$_printf_percent$$0000000F  0x080001fc   Section        6  _printf_llu.o(.ARM.Collect$$_printf_percent$$0000000F)
    .ARM.Collect$$_printf_percent$$00000010  0x08000202   Section        6  _printf_llo.o(.ARM.Collect$$_printf_percent$$00000010)
    .ARM.Collect$$_printf_percent$$00000011  0x08000208   Section        6  _printf_llx.o(.ARM.Collect$$_printf_percent$$00000011)
    .ARM.Collect$$_printf_percent$$00000012  0x0800020e   Section       10  _printf_l.o(.ARM.Collect$$_printf_percent$$00000012)
    .ARM.Collect$$_printf_percent$$00000013  0x08000218   Section        6  _printf_c.o(.ARM.Collect$$_printf_percent$$00000013)
    .ARM.Collect$$_printf_percent$$00000014  0x0800021e   Section        6  _printf_s.o(.ARM.Collect$$_printf_percent$$00000014)
    .ARM.Collect$$_printf_percent$$00000015  0x08000224   Section        6  _printf_lc.o(.ARM.Collect$$_printf_percent$$00000015)
    .ARM.Collect$$_printf_percent$$00000016  0x0800022a   Section        6  _printf_ls.o(.ARM.Collect$$_printf_percent$$00000016)
    .ARM.Collect$$_printf_percent$$00000017  0x08000230   Section        4  _printf_percent_end.o(.ARM.Collect$$_printf_percent$$00000017)
    .ARM.Collect$$libinit$$00000000          0x08000234   Section        2  libinit.o(.ARM.Collect$$libinit$$00000000)
    .ARM.Collect$$libinit$$00000002          0x08000236   Section        0  libinit2.o(.ARM.Collect$$libinit$$00000002)
    .ARM.Collect$$libinit$$00000008          0x08000236   Section        0  libinit2.o(.ARM.Collect$$libinit$$00000008)
    .ARM.Collect$$libinit$$0000000A          0x08000236   Section        0  libinit2.o(.ARM.Collect$$libinit$$0000000A)
    .ARM.Collect$$libinit$$0000000C          0x08000236   Section        0  libinit2.o(.ARM.Collect$$libinit$$0000000C)
    .ARM.Collect$$libinit$$0000000D          0x08000236   Section        6  libinit2.o(.ARM.Collect$$libinit$$0000000D)
    .ARM.Collect$$libinit$$0000000F          0x0800023c   Section        0  libinit2.o(.ARM.Collect$$libinit$$0000000F)
    .ARM.Collect$$libinit$$00000010          0x0800023c   Section       12  libinit2.o(.ARM.Collect$$libinit$$00000010)
    .ARM.Collect$$libinit$$00000011          0x08000248   Section        0  libinit2.o(.ARM.Collect$$libinit$$00000011)
    .ARM.Collect$$libinit$$00000013          0x08000248   Section        0  libinit2.o(.ARM.Collect$$libinit$$00000013)
    .ARM.Collect$$libinit$$00000014          0x08000248   Section       10  libinit2.o(.ARM.Collect$$libinit$$00000014)
    .ARM.Collect$$libinit$$00000015          0x08000252   Section        0  libinit2.o(.ARM.Collect$$libinit$$00000015)
    .ARM.Collect$$libinit$$00000017          0x08000252   Section        0  libinit2.o(.ARM.Collect$$libinit$$00000017)
    .ARM.Collect$$libinit$$00000019          0x08000252   Section        0  libinit2.o(.ARM.Collect$$libinit$$00000019)
    .ARM.Collect$$libinit$$0000001B          0x08000252   Section        0  libinit2.o(.ARM.Collect$$libinit$$0000001B)
    .ARM.Collect$$libinit$$0000001D          0x08000252   Section        0  libinit2.o(.ARM.Collect$$libinit$$0000001D)
    .ARM.Collect$$libinit$$0000001F          0x08000252   Section        0  libinit2.o(.ARM.Collect$$libinit$$0000001F)
    .ARM.Collect$$libinit$$00000021          0x08000252   Section        0  libinit2.o(.ARM.Collect$$libinit$$00000021)
    .ARM.Collect$$libinit$$00000023          0x08000252   Section        0  libinit2.o(.ARM.Collect$$libinit$$00000023)
    .ARM.Collect$$libinit$$0000002A          0x08000252   Section        0  libinit2.o(.ARM.Collect$$libinit$$0000002A)
    .ARM.Collect$$libinit$$0000002C          0x08000252   Section        0  libinit2.o(.ARM.Collect$$libinit$$0000002C)
    .ARM.Collect$$libinit$$0000002E          0x08000252   Section        0  libinit2.o(.ARM.Collect$$libinit$$0000002E)
    .ARM.Collect$$libinit$$00000030          0x08000252   Section        0  libinit2.o(.ARM.Collect$$libinit$$00000030)
    .ARM.Collect$$libinit$$00000031          0x08000252   Section        2  libinit2.o(.ARM.Collect$$libinit$$00000031)
    .ARM.Collect$$libshutdown$$00000000      0x08000254   Section        2  libshutdown.o(.ARM.Collect$$libshutdown$$00000000)
    .ARM.Collect$$libshutdown$$00000003      0x08000256   Section        0  libshutdown2.o(.ARM.Collect$$libshutdown$$00000003)
    .ARM.Collect$$libshutdown$$00000006      0x08000256   Section        0  libshutdown2.o(.ARM.Collect$$libshutdown$$00000006)
    .ARM.Collect$$libshutdown$$00000009      0x08000256   Section        0  libshutdown2.o(.ARM.Collect$$libshutdown$$00000009)
    .ARM.Collect$$libshutdown$$0000000B      0x08000256   Section        0  libshutdown2.o(.ARM.Collect$$libshutdown$$0000000B)
    .ARM.Collect$$libshutdown$$0000000E      0x08000256   Section        0  libshutdown2.o(.ARM.Collect$$libshutdown$$0000000E)
    .ARM.Collect$$libshutdown$$0000000F      0x08000256   Section        2  libshutdown2.o(.ARM.Collect$$libshutdown$$0000000F)
    .ARM.Collect$$rtentry$$00000000          0x08000258   Section        0  rtentry.o(.ARM.Collect$$rtentry$$00000000)
    .ARM.Collect$$rtentry$$00000002          0x08000258   Section        0  rtentry2.o(.ARM.Collect$$rtentry$$00000002)
    .ARM.Collect$$rtentry$$00000004          0x08000258   Section        6  rtentry4.o(.ARM.Collect$$rtentry$$00000004)
    .ARM.Collect$$rtentry$$00000009          0x0800025e   Section        0  rtentry2.o(.ARM.Collect$$rtentry$$00000009)
    .ARM.Collect$$rtentry$$0000000A          0x0800025e   Section        4  rtentry2.o(.ARM.Collect$$rtentry$$0000000A)
    .ARM.Collect$$rtentry$$0000000C          0x08000262   Section        0  rtentry2.o(.ARM.Collect$$rtentry$$0000000C)
    .ARM.Collect$$rtentry$$0000000D          0x08000262   Section        8  rtentry2.o(.ARM.Collect$$rtentry$$0000000D)
    .ARM.Collect$$rtexit$$00000000           0x0800026a   Section        2  rtexit.o(.ARM.Collect$$rtexit$$00000000)
    .ARM.Collect$$rtexit$$00000002           0x0800026c   Section        0  rtexit2.o(.ARM.Collect$$rtexit$$00000002)
    .ARM.Collect$$rtexit$$00000003           0x0800026c   Section        4  rtexit2.o(.ARM.Collect$$rtexit$$00000003)
    .ARM.Collect$$rtexit$$00000004           0x08000270   Section        6  rtexit2.o(.ARM.Collect$$rtexit$$00000004)
    .text                                    0x08000278   Section       64  startup_stm32f10x_hd.o(.text)
    .text                                    0x080002b8   Section        0  misc.o(.text)
    .text                                    0x08000394   Section        0  stm32f10x_gpio.o(.text)
    .text                                    0x080006f0   Section        0  stm32f10x_rcc.o(.text)
    .text                                    0x08000a94   Section        0  stm32f10x_usart.o(.text)
    .text                                    0x08000e9c   Section        0  main.o(.text)
    .text                                    0x08000fc4   Section        0  stm32f10x_it.o(.text)
    .text                                    0x08000fe0   Section        0  system_stm32f10x.o(.text)
    SetSysClockTo72                          0x08000fe1   Thumb Code   214  system_stm32f10x.o(.text)
    SetSysClock                              0x080010b7   Thumb Code     8  system_stm32f10x.o(.text)
    .text                                    0x080011c0   Section        0  hcsr04.o(.text)
    .text                                    0x080012dc   Section        0  delay.o(.text)
    .text                                    0x08001388   Section        0  usart.o(.text)
    .text                                    0x080017c8   Section        0  strtonum.o(.text)
    powerTen                                 0x080017f5   Thumb Code    28  strtonum.o(.text)
    .text                                    0x080018a2   Section        0  sort.o(.text)
    .text                                    0x080018e4   Section        0  c89vsnprintf.o(.text)
    .text                                    0x08001918   Section        0  strlen.o(.text)
    .text                                    0x08001956   Section       78  rt_memclr_w.o(.text)
    .text                                    0x080019a4   Section        0  heapauxi.o(.text)
    .text                                    0x080019aa   Section        0  _printf_pad.o(.text)
    .text                                    0x080019f8   Section        0  _printf_truncate.o(.text)
    .text                                    0x08001a1c   Section        0  _printf_str.o(.text)
    .text                                    0x08001a70   Section        0  _printf_dec.o(.text)
    .text                                    0x08001ae4   Section        0  _printf_charcount.o(.text)
    .text                                    0x08001b0c   Section        0  _printf_char_common.o(.text)
    _printf_input_char                       0x08001b0d   Thumb Code    10  _printf_char_common.o(.text)
    .text                                    0x08001b3c   Section        0  _sputc.o(.text)
    .text                                    0x08001b46   Section        0  _snputc.o(.text)
    .text                                    0x08001b58   Section        0  _printf_wctomb.o(.text)
    .text                                    0x08001c14   Section        0  _printf_longlong_dec.o(.text)
    .text                                    0x08001c8c   Section        0  _printf_oct_int_ll.o(.text)
    _printf_longlong_oct_internal            0x08001c8d   Thumb Code     0  _printf_oct_int_ll.o(.text)
    .text                                    0x08001cfc   Section        0  _printf_hex_int_ll_ptr.o(.text)
    _printf_hex_common                       0x08001cfd   Thumb Code     0  _printf_hex_int_ll_ptr.o(.text)
    .text                                    0x08001d90   Section        0  __printf_flags_ss_wp.o(.text)
    .text                                    0x08001f18   Section      138  lludiv10.o(.text)
    .text                                    0x08001fa2   Section        0  _printf_intcommon.o(.text)
    .text                                    0x08002054   Section        0  _printf_fp_dec.o(.text)
    _fp_digits                               0x08002057   Thumb Code   428  _printf_fp_dec.o(.text)
    .text                                    0x0800246a   Section        0  _printf_char.o(.text)
    .text                                    0x08002496   Section        0  _printf_wchar.o(.text)
    .text                                    0x080024c2   Section        0  _wcrtomb.o(.text)
    .text                                    0x08002502   Section       74  sys_stackheap_outer.o(.text)
    .text                                    0x0800254c   Section       16  rt_ctype_table.o(.text)
    .text                                    0x0800255c   Section        8  rt_locale_intlibspace.o(.text)
    .text                                    0x08002564   Section        0  _printf_fp_infnan.o(.text)
    .text                                    0x080025e4   Section        0  bigflt0.o(.text)
    .text                                    0x080026bc   Section        0  exit.o(.text)
    .text                                    0x080026c8   Section        8  libspace.o(.text)
    .text                                    0x080026d0   Section      128  strcmpv7m.o(.text)
    .text                                    0x08002750   Section        0  sys_exit.o(.text)
    .text                                    0x0800275c   Section        2  use_no_semi.o(.text)
    .text                                    0x0800275e   Section        0  indicate_semi.o(.text)
    CL$$btod_d2e                             0x0800275e   Section       62  btod.o(CL$$btod_d2e)
    CL$$btod_d2e_denorm_low                  0x0800279c   Section       70  btod.o(CL$$btod_d2e_denorm_low)
    CL$$btod_d2e_norm_op1                    0x080027e2   Section       96  btod.o(CL$$btod_d2e_norm_op1)
    CL$$btod_div_common                      0x08002842   Section      824  btod.o(CL$$btod_div_common)
    CL$$btod_e2e                             0x08002b7a   Section      198  btod.o(CL$$btod_e2e)
    CL$$btod_ediv                            0x08002c40   Section       40  btod.o(CL$$btod_ediv)
    CL$$btod_emul                            0x08002c68   Section       40  btod.o(CL$$btod_emul)
    CL$$btod_mult_common                     0x08002c90   Section      580  btod.o(CL$$btod_mult_common)
    i.__ARM_fpclassify                       0x08002ed4   Section        0  fpclassify.o(i.__ARM_fpclassify)
    i._is_digit                              0x08002efc   Section        0  __printf_wp.o(i._is_digit)
    locale$$code                             0x08002f0c   Section       44  lc_numeric_c.o(locale$$code)
    locale$$code                             0x08002f38   Section       44  lc_ctype_c.o(locale$$code)
    x$fpl$fadd                               0x08002f64   Section      196  faddsub_clz.o(x$fpl$fadd)
    _fadd1                                   0x08002f73   Thumb Code     0  faddsub_clz.o(x$fpl$fadd)
    x$fpl$fdiv                               0x08003028   Section      388  fdiv.o(x$fpl$fdiv)
    _fdiv1                                   0x08003029   Thumb Code     0  fdiv.o(x$fpl$fdiv)
    x$fpl$fflt                               0x080031ac   Section       48  fflt_clz.o(x$fpl$fflt)
    x$fpl$ffltu                              0x080031dc   Section       38  fflt_clz.o(x$fpl$ffltu)
    x$fpl$fnaninf                            0x08003202   Section      140  fnaninf.o(x$fpl$fnaninf)
    x$fpl$fretinf                            0x0800328e   Section       10  fretinf.o(x$fpl$fretinf)
    x$fpl$fsub                               0x08003298   Section      234  faddsub_clz.o(x$fpl$fsub)
    _fsub1                                   0x080032a7   Thumb Code     0  faddsub_clz.o(x$fpl$fsub)
    x$fpl$printf1                            0x08003382   Section        4  printf1.o(x$fpl$printf1)
    x$fpl$usenofp                            0x08003386   Section        0  usenofp.o(x$fpl$usenofp)
    .constdata                               0x08003388   Section        8  _printf_wctomb.o(.constdata)
    initial_mbstate                          0x08003388   Data           8  _printf_wctomb.o(.constdata)
    .constdata                               0x08003390   Section       40  _printf_hex_int_ll_ptr.o(.constdata)
    uc_hextab                                0x08003390   Data          20  _printf_hex_int_ll_ptr.o(.constdata)
    lc_hextab                                0x080033a4   Data          20  _printf_hex_int_ll_ptr.o(.constdata)
    .constdata                               0x080033b8   Section       17  __printf_flags_ss_wp.o(.constdata)
    maptable                                 0x080033b8   Data          17  __printf_flags_ss_wp.o(.constdata)
    .constdata                               0x080033cc   Section      148  bigflt0.o(.constdata)
    tenpwrs_x                                0x080033cc   Data          60  bigflt0.o(.constdata)
    tenpwrs_i                                0x08003408   Data          64  bigflt0.o(.constdata)
    locale$$data                             0x08003480   Section       28  lc_numeric_c.o(locale$$data)
    __lcnum_c_name                           0x08003484   Data           2  lc_numeric_c.o(locale$$data)
    __lcnum_c_start                          0x0800348c   Data           0  lc_numeric_c.o(locale$$data)
    __lcnum_c_point                          0x08003498   Data           0  lc_numeric_c.o(locale$$data)
    __lcnum_c_thousands                      0x0800349a   Data           0  lc_numeric_c.o(locale$$data)
    __lcnum_c_grouping                       0x0800349b   Data           0  lc_numeric_c.o(locale$$data)
    locale$$data                             0x0800349c   Section      272  lc_ctype_c.o(locale$$data)
    __lcnum_c_end                            0x0800349c   Data           0  lc_numeric_c.o(locale$$data)
    __lcctype_c_name                         0x080034a0   Data           2  lc_ctype_c.o(locale$$data)
    __lcctype_c_start                        0x080034a8   Data           0  lc_ctype_c.o(locale$$data)
    __lcctype_c_end                          0x080035ac   Data           0  lc_ctype_c.o(locale$$data)
    .data                                    0x20000000   Section       20  stm32f10x_rcc.o(.data)
    APBAHBPrescTable                         0x20000000   Data          16  stm32f10x_rcc.o(.data)
    ADCPrescTable                            0x20000010   Data           4  stm32f10x_rcc.o(.data)
    .data                                    0x20000014   Section       20  system_stm32f10x.o(.data)
    .data                                    0x20000028   Section        4  delay.o(.data)
    fac_us                                   0x20000028   Data           1  delay.o(.data)
    fac_ms                                   0x2000002a   Data           2  delay.o(.data)
    .data                                    0x2000002c   Section       14  usart.o(.data)
    .bss                                     0x2000003c   Section      500  usart.o(.bss)
    .bss                                     0x20000230   Section       96  libspace.o(.bss)
    HEAP                                     0x20000290   Section      512  startup_stm32f10x_hd.o(HEAP)
    Heap_Mem                                 0x20000290   Data         512  startup_stm32f10x_hd.o(HEAP)
    STACK                                    0x20000490   Section     1024  startup_stm32f10x_hd.o(STACK)
    Stack_Mem                                0x20000490   Data        1024  startup_stm32f10x_hd.o(STACK)
    __initial_sp                             0x20000890   Data           0  startup_stm32f10x_hd.o(STACK)

    Global Symbols

    Symbol Name                              Value     Ov Type        Size  Object(Section)

    BuildAttributes$$THM_ISAv4$P$D$K$B$S$PE$A:L22UL41UL21$X:L11$S22US41US21$IEEE1$IW$USESV6$~STKCKD$USESV7$~SHL$OTIME$ROPI$IEEEJ$EBA8$UX$STANDARDLIB$REQ8$PRES8$EABIv2 0x00000000   Number         0  anon$$obj.o ABSOLUTE
    __ARM_use_no_argv                        0x00000000   Number         0  main.o ABSOLUTE
    _printf_flags                            0x00000000   Number         0  printf_stubs.o ABSOLUTE
    _printf_return_value                     0x00000000   Number         0  printf_stubs.o ABSOLUTE
    _printf_sizespec                         0x00000000   Number         0  printf_stubs.o ABSOLUTE
    _printf_widthprec                        0x00000000   Number         0  printf_stubs.o ABSOLUTE
    __ARM_exceptions_init                     - Undefined Weak Reference
    __alloca_initialize                       - Undefined Weak Reference
    __cpp_initialize__aeabi_                  - Undefined Weak Reference
    __cxa_finalize                            - Undefined Weak Reference
    __sigvec_lookup                           - Undefined Weak Reference
    _atexit_init                              - Undefined Weak Reference
    _call_atexit_fns                          - Undefined Weak Reference
    _clock_init                               - Undefined Weak Reference
    _fp_trap_init                             - Undefined Weak Reference
    _fp_trap_shutdown                         - Undefined Weak Reference
    _get_lc_collate                           - Undefined Weak Reference
    _get_lc_monetary                          - Undefined Weak Reference
    _get_lc_time                              - Undefined Weak Reference
    _getenv_init                              - Undefined Weak Reference
    _handle_redirection                       - Undefined Weak Reference
    _init_alloc                               - Undefined Weak Reference
    _init_user_alloc                          - Undefined Weak Reference
    _initio                                   - Undefined Weak Reference
    _printf_fp_hex                            - Undefined Weak Reference
    _printf_mbtowc                            - Undefined Weak Reference
    _printf_wc                                - Undefined Weak Reference
    _rand_init                                - Undefined Weak Reference
    _signal_finish                            - Undefined Weak Reference
    _signal_init                              - Undefined Weak Reference
    _terminate_alloc                          - Undefined Weak Reference
    _terminate_user_alloc                     - Undefined Weak Reference
    _terminateio                              - Undefined Weak Reference
    __Vectors_Size                           0x00000130   Number         0  startup_stm32f10x_hd.o ABSOLUTE
    __Vectors                                0x08000000   Data           4  startup_stm32f10x_hd.o(RESET)
    __Vectors_End                            0x08000130   Data           0  startup_stm32f10x_hd.o(RESET)
    __main                                   0x08000131   Thumb Code     8  __main.o(!!!main)
    __scatterload                            0x08000139   Thumb Code     0  __scatter.o(!!!scatter)
    __scatterload_rt2                        0x08000139   Thumb Code    44  __scatter.o(!!!scatter)
    __scatterload_rt2_thumb_only             0x08000139   Thumb Code     0  __scatter.o(!!!scatter)
    __scatterload_null                       0x08000147   Thumb Code     0  __scatter.o(!!!scatter)
    __scatterload_copy                       0x0800016d   Thumb Code    26  __scatter_copy.o(!!handler_copy)
    __scatterload_zeroinit                   0x08000189   Thumb Code    28  __scatter_zi.o(!!handler_zi)
    _printf_n                                0x080001a5   Thumb Code     0  _printf_n.o(.ARM.Collect$$_printf_percent$$00000001)
    _printf_percent                          0x080001a5   Thumb Code     0  _printf_percent.o(.ARM.Collect$$_printf_percent$$00000000)
    _printf_p                                0x080001ab   Thumb Code     0  _printf_p.o(.ARM.Collect$$_printf_percent$$00000002)
    _printf_f                                0x080001b1   Thumb Code     0  _printf_f.o(.ARM.Collect$$_printf_percent$$00000003)
    _printf_e                                0x080001b7   Thumb Code     0  _printf_e.o(.ARM.Collect$$_printf_percent$$00000004)
    _printf_g                                0x080001bd   Thumb Code     0  _printf_g.o(.ARM.Collect$$_printf_percent$$00000005)
    _printf_a                                0x080001c3   Thumb Code     0  _printf_a.o(.ARM.Collect$$_printf_percent$$00000006)
    _printf_ll                               0x080001c9   Thumb Code     0  _printf_ll.o(.ARM.Collect$$_printf_percent$$00000007)
    _printf_i                                0x080001d3   Thumb Code     0  _printf_i.o(.ARM.Collect$$_printf_percent$$00000008)
    _printf_d                                0x080001d9   Thumb Code     0  _printf_d.o(.ARM.Collect$$_printf_percent$$00000009)
    _printf_u                                0x080001df   Thumb Code     0  _printf_u.o(.ARM.Collect$$_printf_percent$$0000000A)
    _printf_o                                0x080001e5   Thumb Code     0  _printf_o.o(.ARM.Collect$$_printf_percent$$0000000B)
    _printf_x                                0x080001eb   Thumb Code     0  _printf_x.o(.ARM.Collect$$_printf_percent$$0000000C)
    _printf_lli                              0x080001f1   Thumb Code     0  _printf_lli.o(.ARM.Collect$$_printf_percent$$0000000D)
    _printf_lld                              0x080001f7   Thumb Code     0  _printf_lld.o(.ARM.Collect$$_printf_percent$$0000000E)
    _printf_llu                              0x080001fd   Thumb Code     0  _printf_llu.o(.ARM.Collect$$_printf_percent$$0000000F)
    _printf_llo                              0x08000203   Thumb Code     0  _printf_llo.o(.ARM.Collect$$_printf_percent$$00000010)
    _printf_llx                              0x08000209   Thumb Code     0  _printf_llx.o(.ARM.Collect$$_printf_percent$$00000011)
    _printf_l                                0x0800020f   Thumb Code     0  _printf_l.o(.ARM.Collect$$_printf_percent$$00000012)
    _printf_c                                0x08000219   Thumb Code     0  _printf_c.o(.ARM.Collect$$_printf_percent$$00000013)
    _printf_s                                0x0800021f   Thumb Code     0  _printf_s.o(.ARM.Collect$$_printf_percent$$00000014)
    _printf_lc                               0x08000225   Thumb Code     0  _printf_lc.o(.ARM.Collect$$_printf_percent$$00000015)
    _printf_ls                               0x0800022b   Thumb Code     0  _printf_ls.o(.ARM.Collect$$_printf_percent$$00000016)
    _printf_percent_end                      0x08000231   Thumb Code     0  _printf_percent_end.o(.ARM.Collect$$_printf_percent$$00000017)
    __rt_lib_init                            0x08000235   Thumb Code     0  libinit.o(.ARM.Collect$$libinit$$00000000)
    __rt_lib_init_fp_1                       0x08000237   Thumb Code     0  libinit2.o(.ARM.Collect$$libinit$$00000002)
    __rt_lib_init_heap_1                     0x08000237   Thumb Code     0  libinit2.o(.ARM.Collect$$libinit$$00000008)
    __rt_lib_init_lc_common                  0x08000237   Thumb Code     0  libinit2.o(.ARM.Collect$$libinit$$0000000D)
    __rt_lib_init_rand_1                     0x08000237   Thumb Code     0  libinit2.o(.ARM.Collect$$libinit$$0000000C)
    __rt_lib_init_user_alloc_1               0x08000237   Thumb Code     0  libinit2.o(.ARM.Collect$$libinit$$0000000A)
    __rt_lib_init_lc_collate_1               0x0800023d   Thumb Code     0  libinit2.o(.ARM.Collect$$libinit$$0000000F)
    __rt_lib_init_lc_ctype_2                 0x0800023d   Thumb Code     0  libinit2.o(.ARM.Collect$$libinit$$00000010)
    __rt_lib_init_lc_ctype_1                 0x08000249   Thumb Code     0  libinit2.o(.ARM.Collect$$libinit$$00000011)
    __rt_lib_init_lc_monetary_1              0x08000249   Thumb Code     0  libinit2.o(.ARM.Collect$$libinit$$00000013)
    __rt_lib_init_lc_numeric_2               0x08000249   Thumb Code     0  libinit2.o(.ARM.Collect$$libinit$$00000014)
    __rt_lib_init_alloca_1                   0x08000253   Thumb Code     0  libinit2.o(.ARM.Collect$$libinit$$0000002C)
    __rt_lib_init_argv_1                     0x08000253   Thumb Code     0  libinit2.o(.ARM.Collect$$libinit$$0000002A)
    __rt_lib_init_atexit_1                   0x08000253   Thumb Code     0  libinit2.o(.ARM.Collect$$libinit$$00000019)
    __rt_lib_init_clock_1                    0x08000253   Thumb Code     0  libinit2.o(.ARM.Collect$$libinit$$0000001F)
    __rt_lib_init_cpp_1                      0x08000253   Thumb Code     0  libinit2.o(.ARM.Collect$$libinit$$00000030)
    __rt_lib_init_exceptions_1               0x08000253   Thumb Code     0  libinit2.o(.ARM.Collect$$libinit$$0000002E)
    __rt_lib_init_fp_trap_1                  0x08000253   Thumb Code     0  libinit2.o(.ARM.Collect$$libinit$$0000001D)
    __rt_lib_init_getenv_1                   0x08000253   Thumb Code     0  libinit2.o(.ARM.Collect$$libinit$$00000021)
    __rt_lib_init_lc_numeric_1               0x08000253   Thumb Code     0  libinit2.o(.ARM.Collect$$libinit$$00000015)
    __rt_lib_init_lc_time_1                  0x08000253   Thumb Code     0  libinit2.o(.ARM.Collect$$libinit$$00000017)
    __rt_lib_init_return                     0x08000253   Thumb Code     0  libinit2.o(.ARM.Collect$$libinit$$00000031)
    __rt_lib_init_signal_1                   0x08000253   Thumb Code     0  libinit2.o(.ARM.Collect$$libinit$$0000001B)
    __rt_lib_init_stdio_1                    0x08000253   Thumb Code     0  libinit2.o(.ARM.Collect$$libinit$$00000023)
    __rt_lib_shutdown                        0x08000255   Thumb Code     0  libshutdown.o(.ARM.Collect$$libshutdown$$00000000)
    __rt_lib_shutdown_fp_trap_1              0x08000257   Thumb Code     0  libshutdown2.o(.ARM.Collect$$libshutdown$$00000006)
    __rt_lib_shutdown_heap_1                 0x08000257   Thumb Code     0  libshutdown2.o(.ARM.Collect$$libshutdown$$0000000E)
    __rt_lib_shutdown_return                 0x08000257   Thumb Code     0  libshutdown2.o(.ARM.Collect$$libshutdown$$0000000F)
    __rt_lib_shutdown_signal_1               0x08000257   Thumb Code     0  libshutdown2.o(.ARM.Collect$$libshutdown$$00000009)
    __rt_lib_shutdown_stdio_1                0x08000257   Thumb Code     0  libshutdown2.o(.ARM.Collect$$libshutdown$$00000003)
    __rt_lib_shutdown_user_alloc_1           0x08000257   Thumb Code     0  libshutdown2.o(.ARM.Collect$$libshutdown$$0000000B)
    __rt_entry                               0x08000259   Thumb Code     0  rtentry.o(.ARM.Collect$$rtentry$$00000000)
    __rt_entry_presh_1                       0x08000259   Thumb Code     0  rtentry2.o(.ARM.Collect$$rtentry$$00000002)
    __rt_entry_sh                            0x08000259   Thumb Code     0  rtentry4.o(.ARM.Collect$$rtentry$$00000004)
    __rt_entry_li                            0x0800025f   Thumb Code     0  rtentry2.o(.ARM.Collect$$rtentry$$0000000A)
    __rt_entry_postsh_1                      0x0800025f   Thumb Code     0  rtentry2.o(.ARM.Collect$$rtentry$$00000009)
    __rt_entry_main                          0x08000263   Thumb Code     0  rtentry2.o(.ARM.Collect$$rtentry$$0000000D)
    __rt_entry_postli_1                      0x08000263   Thumb Code     0  rtentry2.o(.ARM.Collect$$rtentry$$0000000C)
    __rt_exit                                0x0800026b   Thumb Code     0  rtexit.o(.ARM.Collect$$rtexit$$00000000)
    __rt_exit_ls                             0x0800026d   Thumb Code     0  rtexit2.o(.ARM.Collect$$rtexit$$00000003)
    __rt_exit_prels_1                        0x0800026d   Thumb Code     0  rtexit2.o(.ARM.Collect$$rtexit$$00000002)
    __rt_exit_exit                           0x08000271   Thumb Code     0  rtexit2.o(.ARM.Collect$$rtexit$$00000004)
    Reset_Handler                            0x08000279   Thumb Code     8  startup_stm32f10x_hd.o(.text)
    ADC1_2_IRQHandler                        0x08000293   Thumb Code     0  startup_stm32f10x_hd.o(.text)
    ADC3_IRQHandler                          0x08000293   Thumb Code     0  startup_stm32f10x_hd.o(.text)
    CAN1_RX1_IRQHandler                      0x08000293   Thumb Code     0  startup_stm32f10x_hd.o(.text)
    CAN1_SCE_IRQHandler                      0x08000293   Thumb Code     0  startup_stm32f10x_hd.o(.text)
    DMA1_Channel1_IRQHandler                 0x08000293   Thumb Code     0  startup_stm32f10x_hd.o(.text)
    DMA1_Channel2_IRQHandler                 0x08000293   Thumb Code     0  startup_stm32f10x_hd.o(.text)
    DMA1_Channel3_IRQHandler                 0x08000293   Thumb Code     0  startup_stm32f10x_hd.o(.text)
    DMA1_Channel4_IRQHandler                 0x08000293   Thumb Code     0  startup_stm32f10x_hd.o(.text)
    DMA1_Channel5_IRQHandler                 0x08000293   Thumb Code     0  startup_stm32f10x_hd.o(.text)
    DMA1_Channel6_IRQHandler                 0x08000293   Thumb Code     0  startup_stm32f10x_hd.o(.text)
    DMA1_Channel7_IRQHandler                 0x08000293   Thumb Code     0  startup_stm32f10x_hd.o(.text)
    DMA2_Channel1_IRQHandler                 0x08000293   Thumb Code     0  startup_stm32f10x_hd.o(.text)
    DMA2_Channel2_IRQHandler                 0x08000293   Thumb Code     0  startup_stm32f10x_hd.o(.text)
    DMA2_Channel3_IRQHandler                 0x08000293   Thumb Code     0  startup_stm32f10x_hd.o(.text)
    DMA2_Channel4_5_IRQHandler               0x08000293   Thumb Code     0  startup_stm32f10x_hd.o(.text)
    EXTI0_IRQHandler                         0x08000293   Thumb Code     0  startup_stm32f10x_hd.o(.text)
    EXTI15_10_IRQHandler                     0x08000293   Thumb Code     0  startup_stm32f10x_hd.o(.text)
    EXTI1_IRQHandler                         0x08000293   Thumb Code     0  startup_stm32f10x_hd.o(.text)
    EXTI2_IRQHandler                         0x08000293   Thumb Code     0  startup_stm32f10x_hd.o(.text)
    EXTI3_IRQHandler                         0x08000293   Thumb Code     0  startup_stm32f10x_hd.o(.text)
    EXTI4_IRQHandler                         0x08000293   Thumb Code     0  startup_stm32f10x_hd.o(.text)
    EXTI9_5_IRQHandler                       0x08000293   Thumb Code     0  startup_stm32f10x_hd.o(.text)
    FLASH_IRQHandler                         0x08000293   Thumb Code     0  startup_stm32f10x_hd.o(.text)
    FSMC_IRQHandler                          0x08000293   Thumb Code     0  startup_stm32f10x_hd.o(.text)
    I2C1_ER_IRQHandler                       0x08000293   Thumb Code     0  startup_stm32f10x_hd.o(.text)
    I2C1_EV_IRQHandler                       0x08000293   Thumb Code     0  startup_stm32f10x_hd.o(.text)
    I2C2_ER_IRQHandler                       0x08000293   Thumb Code     0  startup_stm32f10x_hd.o(.text)
    I2C2_EV_IRQHandler                       0x08000293   Thumb Code     0  startup_stm32f10x_hd.o(.text)
    PVD_IRQHandler                           0x08000293   Thumb Code     0  startup_stm32f10x_hd.o(.text)
    RCC_IRQHandler                           0x08000293   Thumb Code     0  startup_stm32f10x_hd.o(.text)
    RTCAlarm_IRQHandler                      0x08000293   Thumb Code     0  startup_stm32f10x_hd.o(.text)
    RTC_IRQHandler                           0x08000293   Thumb Code     0  startup_stm32f10x_hd.o(.text)
    SDIO_IRQHandler                          0x08000293   Thumb Code     0  startup_stm32f10x_hd.o(.text)
    SPI1_IRQHandler                          0x08000293   Thumb Code     0  startup_stm32f10x_hd.o(.text)
    SPI2_IRQHandler                          0x08000293   Thumb Code     0  startup_stm32f10x_hd.o(.text)
    SPI3_IRQHandler                          0x08000293   Thumb Code     0  startup_stm32f10x_hd.o(.text)
    TAMPER_IRQHandler                        0x08000293   Thumb Code     0  startup_stm32f10x_hd.o(.text)
    TIM1_BRK_IRQHandler                      0x08000293   Thumb Code     0  startup_stm32f10x_hd.o(.text)
    TIM1_CC_IRQHandler                       0x08000293   Thumb Code     0  startup_stm32f10x_hd.o(.text)
    TIM1_TRG_COM_IRQHandler                  0x08000293   Thumb Code     0  startup_stm32f10x_hd.o(.text)
    TIM1_UP_IRQHandler                       0x08000293   Thumb Code     0  startup_stm32f10x_hd.o(.text)
    TIM2_IRQHandler                          0x08000293   Thumb Code     0  startup_stm32f10x_hd.o(.text)
    TIM3_IRQHandler                          0x08000293   Thumb Code     0  startup_stm32f10x_hd.o(.text)
    TIM4_IRQHandler                          0x08000293   Thumb Code     0  startup_stm32f10x_hd.o(.text)
    TIM5_IRQHandler                          0x08000293   Thumb Code     0  startup_stm32f10x_hd.o(.text)
    TIM6_IRQHandler                          0x08000293   Thumb Code     0  startup_stm32f10x_hd.o(.text)
    TIM7_IRQHandler                          0x08000293   Thumb Code     0  startup_stm32f10x_hd.o(.text)
    TIM8_BRK_IRQHandler                      0x08000293   Thumb Code     0  startup_stm32f10x_hd.o(.text)
    TIM8_CC_IRQHandler                       0x08000293   Thumb Code     0  startup_stm32f10x_hd.o(.text)
    TIM8_TRG_COM_IRQHandler                  0x08000293   Thumb Code     0  startup_stm32f10x_hd.o(.text)
    TIM8_UP_IRQHandler                       0x08000293   Thumb Code     0  startup_stm32f10x_hd.o(.text)
    UART4_IRQHandler                         0x08000293   Thumb Code     0  startup_stm32f10x_hd.o(.text)
    UART5_IRQHandler                         0x08000293   Thumb Code     0  startup_stm32f10x_hd.o(.text)
    USBWakeUp_IRQHandler                     0x08000293   Thumb Code     0  startup_stm32f10x_hd.o(.text)
    USB_HP_CAN1_TX_IRQHandler                0x08000293   Thumb Code     0  startup_stm32f10x_hd.o(.text)
    USB_LP_CAN1_RX0_IRQHandler               0x08000293   Thumb Code     0  startup_stm32f10x_hd.o(.text)
    WWDG_IRQHandler                          0x08000293   Thumb Code     0  startup_stm32f10x_hd.o(.text)
    __user_initial_stackheap                 0x08000295   Thumb Code     0  startup_stm32f10x_hd.o(.text)
    NVIC_PriorityGroupConfig                 0x080002b9   Thumb Code    10  misc.o(.text)
    NVIC_Init                                0x080002c3   Thumb Code   100  misc.o(.text)
    NVIC_SetVectorTable                      0x08000327   Thumb Code    14  misc.o(.text)
    NVIC_SystemLPConfig                      0x08000335   Thumb Code    34  misc.o(.text)
    SysTick_CLKSourceConfig                  0x08000357   Thumb Code    40  misc.o(.text)
    GPIO_DeInit                              0x08000395   Thumb Code   172  stm32f10x_gpio.o(.text)
    GPIO_AFIODeInit                          0x08000441   Thumb Code    20  stm32f10x_gpio.o(.text)
    GPIO_Init                                0x08000455   Thumb Code   278  stm32f10x_gpio.o(.text)
    GPIO_StructInit                          0x0800056b   Thumb Code    16  stm32f10x_gpio.o(.text)
    GPIO_ReadInputDataBit                    0x0800057b   Thumb Code    18  stm32f10x_gpio.o(.text)
    GPIO_ReadInputData                       0x0800058d   Thumb Code     8  stm32f10x_gpio.o(.text)
    GPIO_ReadOutputDataBit                   0x08000595   Thumb Code    18  stm32f10x_gpio.o(.text)
    GPIO_ReadOutputData                      0x080005a7   Thumb Code     8  stm32f10x_gpio.o(.text)
    GPIO_SetBits                             0x080005af   Thumb Code     4  stm32f10x_gpio.o(.text)
    GPIO_ResetBits                           0x080005b3   Thumb Code     4  stm32f10x_gpio.o(.text)
    GPIO_WriteBit                            0x080005b7   Thumb Code    10  stm32f10x_gpio.o(.text)
    GPIO_Write                               0x080005c1   Thumb Code     4  stm32f10x_gpio.o(.text)
    GPIO_PinLockConfig                       0x080005c5   Thumb Code    18  stm32f10x_gpio.o(.text)
    GPIO_EventOutputConfig                   0x080005d7   Thumb Code    26  stm32f10x_gpio.o(.text)
    GPIO_EventOutputCmd                      0x080005f1   Thumb Code     6  stm32f10x_gpio.o(.text)
    GPIO_PinRemapConfig                      0x080005f7   Thumb Code   138  stm32f10x_gpio.o(.text)
    GPIO_EXTILineConfig                      0x08000681   Thumb Code    66  stm32f10x_gpio.o(.text)
    GPIO_ETH_MediaInterfaceConfig            0x080006c3   Thumb Code     8  stm32f10x_gpio.o(.text)
    RCC_DeInit                               0x080006f1   Thumb Code    64  stm32f10x_rcc.o(.text)
    RCC_HSEConfig                            0x08000731   Thumb Code    70  stm32f10x_rcc.o(.text)
    RCC_GetFlagStatus                        0x08000777   Thumb Code    56  stm32f10x_rcc.o(.text)
    RCC_WaitForHSEStartUp                    0x080007af   Thumb Code    56  stm32f10x_rcc.o(.text)
    RCC_AdjustHSICalibrationValue            0x080007e7   Thumb Code    20  stm32f10x_rcc.o(.text)
    RCC_HSICmd                               0x080007fb   Thumb Code     6  stm32f10x_rcc.o(.text)
    RCC_PLLConfig                            0x08000801   Thumb Code    24  stm32f10x_rcc.o(.text)
    RCC_PLLCmd                               0x08000819   Thumb Code     6  stm32f10x_rcc.o(.text)
    RCC_SYSCLKConfig                         0x0800081f   Thumb Code    18  stm32f10x_rcc.o(.text)
    RCC_GetSYSCLKSource                      0x08000831   Thumb Code    10  stm32f10x_rcc.o(.text)
    RCC_HCLKConfig                           0x0800083b   Thumb Code    18  stm32f10x_rcc.o(.text)
    RCC_PCLK1Config                          0x0800084d   Thumb Code    18  stm32f10x_rcc.o(.text)
    RCC_PCLK2Config                          0x0800085f   Thumb Code    20  stm32f10x_rcc.o(.text)
    RCC_ITConfig                             0x08000873   Thumb Code    26  stm32f10x_rcc.o(.text)
    RCC_USBCLKConfig                         0x0800088d   Thumb Code     8  stm32f10x_rcc.o(.text)
    RCC_ADCCLKConfig                         0x08000895   Thumb Code    18  stm32f10x_rcc.o(.text)
    RCC_LSEConfig                            0x080008a7   Thumb Code    50  stm32f10x_rcc.o(.text)
    RCC_LSICmd                               0x080008d9   Thumb Code     6  stm32f10x_rcc.o(.text)
    RCC_RTCCLKConfig                         0x080008df   Thumb Code    12  stm32f10x_rcc.o(.text)
    RCC_RTCCLKCmd                            0x080008eb   Thumb Code     8  stm32f10x_rcc.o(.text)
    RCC_GetClocksFreq                        0x080008f3   Thumb Code   192  stm32f10x_rcc.o(.text)
    RCC_AHBPeriphClockCmd                    0x080009b3   Thumb Code    26  stm32f10x_rcc.o(.text)
    RCC_APB2PeriphClockCmd                   0x080009cd   Thumb Code    26  stm32f10x_rcc.o(.text)
    RCC_APB1PeriphClockCmd                   0x080009e7   Thumb Code    26  stm32f10x_rcc.o(.text)
    RCC_APB2PeriphResetCmd                   0x08000a01   Thumb Code    26  stm32f10x_rcc.o(.text)
    RCC_APB1PeriphResetCmd                   0x08000a1b   Thumb Code    26  stm32f10x_rcc.o(.text)
    RCC_BackupResetCmd                       0x08000a35   Thumb Code     8  stm32f10x_rcc.o(.text)
    RCC_ClockSecuritySystemCmd               0x08000a3d   Thumb Code     6  stm32f10x_rcc.o(.text)
    RCC_MCOConfig                            0x08000a43   Thumb Code     6  stm32f10x_rcc.o(.text)
    RCC_ClearFlag                            0x08000a49   Thumb Code    14  stm32f10x_rcc.o(.text)
    RCC_GetITStatus                          0x08000a57   Thumb Code    20  stm32f10x_rcc.o(.text)
    RCC_ClearITPendingBit                    0x08000a6b   Thumb Code     6  stm32f10x_rcc.o(.text)
    USART_DeInit                             0x08000a95   Thumb Code   134  stm32f10x_usart.o(.text)
    USART_Init                               0x08000b1b   Thumb Code   210  stm32f10x_usart.o(.text)
    USART_StructInit                         0x08000bed   Thumb Code    24  stm32f10x_usart.o(.text)
    USART_ClockInit                          0x08000c05   Thumb Code    34  stm32f10x_usart.o(.text)
    USART_ClockStructInit                    0x08000c27   Thumb Code    12  stm32f10x_usart.o(.text)
    USART_Cmd                                0x08000c33   Thumb Code    24  stm32f10x_usart.o(.text)
    USART_ITConfig                           0x08000c4b   Thumb Code    74  stm32f10x_usart.o(.text)
    USART_DMACmd                             0x08000c95   Thumb Code    18  stm32f10x_usart.o(.text)
    USART_SetAddress                         0x08000ca7   Thumb Code    18  stm32f10x_usart.o(.text)
    USART_WakeUpConfig                       0x08000cb9   Thumb Code    18  stm32f10x_usart.o(.text)
    USART_ReceiverWakeUpCmd                  0x08000ccb   Thumb Code    24  stm32f10x_usart.o(.text)
    USART_LINBreakDetectLengthConfig         0x08000ce3   Thumb Code    18  stm32f10x_usart.o(.text)
    USART_LINCmd                             0x08000cf5   Thumb Code    24  stm32f10x_usart.o(.text)
    USART_SendData                           0x08000d0d   Thumb Code     8  stm32f10x_usart.o(.text)
    USART_ReceiveData                        0x08000d15   Thumb Code    10  stm32f10x_usart.o(.text)
    USART_SendBreak                          0x08000d1f   Thumb Code    10  stm32f10x_usart.o(.text)
    USART_SetGuardTime                       0x08000d29   Thumb Code    16  stm32f10x_usart.o(.text)
    USART_SetPrescaler                       0x08000d39   Thumb Code    16  stm32f10x_usart.o(.text)
    USART_SmartCardCmd                       0x08000d49   Thumb Code    24  stm32f10x_usart.o(.text)
    USART_SmartCardNACKCmd                   0x08000d61   Thumb Code    24  stm32f10x_usart.o(.text)
    USART_HalfDuplexCmd                      0x08000d79   Thumb Code    24  stm32f10x_usart.o(.text)
    USART_OverSampling8Cmd                   0x08000d91   Thumb Code    22  stm32f10x_usart.o(.text)
    USART_OneBitMethodCmd                    0x08000da7   Thumb Code    24  stm32f10x_usart.o(.text)
    USART_IrDAConfig                         0x08000dbf   Thumb Code    18  stm32f10x_usart.o(.text)
    USART_IrDACmd                            0x08000dd1   Thumb Code    24  stm32f10x_usart.o(.text)
    USART_GetFlagStatus                      0x08000de9   Thumb Code    26  stm32f10x_usart.o(.text)
    USART_ClearFlag                          0x08000e03   Thumb Code    18  stm32f10x_usart.o(.text)
    USART_GetITStatus                        0x08000e15   Thumb Code    84  stm32f10x_usart.o(.text)
    USART_ClearITPendingBit                  0x08000e69   Thumb Code    52  stm32f10x_usart.o(.text)
    main                                     0x08000e9d   Thumb Code   236  main.o(.text)
    NMI_Handler                              0x08000fc5   Thumb Code     2  stm32f10x_it.o(.text)
    HardFault_Handler                        0x08000fc7   Thumb Code     4  stm32f10x_it.o(.text)
    MemManage_Handler                        0x08000fcb   Thumb Code     4  stm32f10x_it.o(.text)
    BusFault_Handler                         0x08000fcf   Thumb Code     4  stm32f10x_it.o(.text)
    UsageFault_Handler                       0x08000fd3   Thumb Code     4  stm32f10x_it.o(.text)
    SVC_Handler                              0x08000fd7   Thumb Code     2  stm32f10x_it.o(.text)
    DebugMon_Handler                         0x08000fd9   Thumb Code     2  stm32f10x_it.o(.text)
    PendSV_Handler                           0x08000fdb   Thumb Code     2  stm32f10x_it.o(.text)
    SysTick_Handler                          0x08000fdd   Thumb Code     2  stm32f10x_it.o(.text)
    SystemInit                               0x080010bf   Thumb Code    78  system_stm32f10x.o(.text)
    SystemCoreClockUpdate                    0x0800110d   Thumb Code   142  system_stm32f10x.o(.text)
    HCSR04_Init                              0x080011c1   Thumb Code    62  hcsr04.o(.text)
    HCSR04_GetDistance                       0x080011ff   Thumb Code    70  hcsr04.o(.text)
    HCSR04_GetDistance_Average               0x08001245   Thumb Code    62  hcsr04.o(.text)
    HCSR04_GetDistance_Filter                0x08001283   Thumb Code    78  hcsr04.o(.text)
    delay_init                               0x080012dd   Thumb Code    52  delay.o(.text)
    delay_ms                                 0x08001311   Thumb Code    56  delay.o(.text)
    delay_us                                 0x08001349   Thumb Code    56  delay.o(.text)
    USART1_Init                              0x08001389   Thumb Code   158  usart.o(.text)
    USART2_Init                              0x08001427   Thumb Code   154  usart.o(.text)
    USART3_Init                              0x080014c1   Thumb Code   158  usart.o(.text)
    USART1_IRQHandler                        0x0800155f   Thumb Code    64  usart.o(.text)
    USART2_IRQHandler                        0x0800159f   Thumb Code   122  usart.o(.text)
    USART3_IRQHandler                        0x08001619   Thumb Code   122  usart.o(.text)
    printf1                                  0x08001693   Thumb Code    88  usart.o(.text)
    printf2                                  0x080016eb   Thumb Code    88  usart.o(.text)
    printf3                                  0x08001743   Thumb Code   134  usart.o(.text)
    TempOrPressure                           0x080017c9   Thumb Code    44  strtonum.o(.text)
    ValueOfMea                               0x08001811   Thumb Code   146  strtonum.o(.text)
    Bubble_Sort                              0x080018a3   Thumb Code    66  sort.o(.text)
    __c89vsnprintf                           0x080018e5   Thumb Code    48  c89vsnprintf.o(.text)
    strlen                                   0x08001919   Thumb Code    62  strlen.o(.text)
    __aeabi_memclr4                          0x08001957   Thumb Code     0  rt_memclr_w.o(.text)
    __aeabi_memclr8                          0x08001957   Thumb Code     0  rt_memclr_w.o(.text)
    __rt_memclr_w                            0x08001957   Thumb Code    78  rt_memclr_w.o(.text)
    _memset_w                                0x0800195b   Thumb Code     0  rt_memclr_w.o(.text)
    __use_two_region_memory                  0x080019a5   Thumb Code     2  heapauxi.o(.text)
    __rt_heap_escrow$2region                 0x080019a7   Thumb Code     2  heapauxi.o(.text)
    __rt_heap_expand$2region                 0x080019a9   Thumb Code     2  heapauxi.o(.text)
    _printf_pre_padding                      0x080019ab   Thumb Code    44  _printf_pad.o(.text)
    _printf_post_padding                     0x080019d7   Thumb Code    34  _printf_pad.o(.text)
    _printf_truncate_signed                  0x080019f9   Thumb Code    18  _printf_truncate.o(.text)
    _printf_truncate_unsigned                0x08001a0b   Thumb Code    18  _printf_truncate.o(.text)
    _printf_str                              0x08001a1d   Thumb Code    82  _printf_str.o(.text)
    _printf_int_dec                          0x08001a71   Thumb Code   100  _printf_dec.o(.text)
    _printf_charcount                        0x08001ae5   Thumb Code    40  _printf_charcount.o(.text)
    _printf_char_common                      0x08001b17   Thumb Code    32  _printf_char_common.o(.text)
    _sputc                                   0x08001b3d   Thumb Code    10  _sputc.o(.text)
    _snputc                                  0x08001b47   Thumb Code    16  _snputc.o(.text)
    _printf_wctomb                           0x08001b59   Thumb Code   182  _printf_wctomb.o(.text)
    _printf_longlong_dec                     0x08001c15   Thumb Code   104  _printf_longlong_dec.o(.text)
    _printf_longlong_oct                     0x08001c8d   Thumb Code    68  _printf_oct_int_ll.o(.text)
    _printf_int_oct                          0x08001cd1   Thumb Code    24  _printf_oct_int_ll.o(.text)
    _printf_ll_oct                           0x08001ce9   Thumb Code    12  _printf_oct_int_ll.o(.text)
    _printf_longlong_hex                     0x08001cfd   Thumb Code    86  _printf_hex_int_ll_ptr.o(.text)
    _printf_int_hex                          0x08001d53   Thumb Code    28  _printf_hex_int_ll_ptr.o(.text)
    _printf_ll_hex                           0x08001d6f   Thumb Code    12  _printf_hex_int_ll_ptr.o(.text)
    _printf_hex_ptr                          0x08001d7b   Thumb Code    18  _printf_hex_int_ll_ptr.o(.text)
    __printf                                 0x08001d91   Thumb Code   388  __printf_flags_ss_wp.o(.text)
    _ll_udiv10                               0x08001f19   Thumb Code   138  lludiv10.o(.text)
    _printf_int_common                       0x08001fa3   Thumb Code   178  _printf_intcommon.o(.text)
    __lib_sel_fp_printf                      0x08002055   Thumb Code     2  _printf_fp_dec.o(.text)
    _printf_fp_dec_real                      0x08002203   Thumb Code   616  _printf_fp_dec.o(.text)
    _printf_cs_common                        0x0800246b   Thumb Code    20  _printf_char.o(.text)
    _printf_char                             0x0800247f   Thumb Code    16  _printf_char.o(.text)
    _printf_string                           0x0800248f   Thumb Code     8  _printf_char.o(.text)
    _printf_lcs_common                       0x08002497   Thumb Code    20  _printf_wchar.o(.text)
    _printf_wchar                            0x080024ab   Thumb Code    16  _printf_wchar.o(.text)
    _printf_wstring                          0x080024bb   Thumb Code     8  _printf_wchar.o(.text)
    _wcrtomb                                 0x080024c3   Thumb Code    64  _wcrtomb.o(.text)
    __user_setup_stackheap                   0x08002503   Thumb Code    74  sys_stackheap_outer.o(.text)
    __rt_ctype_table                         0x0800254d   Thumb Code    16  rt_ctype_table.o(.text)
    __rt_locale                              0x0800255d   Thumb Code     8  rt_locale_intlibspace.o(.text)
    _printf_fp_infnan                        0x08002565   Thumb Code   112  _printf_fp_infnan.o(.text)
    _btod_etento                             0x080025e5   Thumb Code   212  bigflt0.o(.text)
    exit                                     0x080026bd   Thumb Code    12  exit.o(.text)
    __user_libspace                          0x080026c9   Thumb Code     8  libspace.o(.text)
    __user_perproc_libspace                  0x080026c9   Thumb Code     0  libspace.o(.text)
    __user_perthread_libspace                0x080026c9   Thumb Code     0  libspace.o(.text)
    strcmp                                   0x080026d1   Thumb Code   128  strcmpv7m.o(.text)
    _sys_exit                                0x08002751   Thumb Code     8  sys_exit.o(.text)
    __I$use$semihosting                      0x0800275d   Thumb Code     0  use_no_semi.o(.text)
    __use_no_semihosting_swi                 0x0800275d   Thumb Code     2  use_no_semi.o(.text)
    __semihosting_library_function           0x0800275f   Thumb Code     0  indicate_semi.o(.text)
    _btod_d2e                                0x0800275f   Thumb Code    62  btod.o(CL$$btod_d2e)
    _d2e_denorm_low                          0x0800279d   Thumb Code    70  btod.o(CL$$btod_d2e_denorm_low)
    _d2e_norm_op1                            0x080027e3   Thumb Code    96  btod.o(CL$$btod_d2e_norm_op1)
    __btod_div_common                        0x08002843   Thumb Code   696  btod.o(CL$$btod_div_common)
    _e2e                                     0x08002b7b   Thumb Code   198  btod.o(CL$$btod_e2e)
    _btod_ediv                               0x08002c41   Thumb Code    40  btod.o(CL$$btod_ediv)
    _btod_emul                               0x08002c69   Thumb Code    40  btod.o(CL$$btod_emul)
    __btod_mult_common                       0x08002c91   Thumb Code   580  btod.o(CL$$btod_mult_common)
    __ARM_fpclassify                         0x08002ed5   Thumb Code    40  fpclassify.o(i.__ARM_fpclassify)
    _is_digit                                0x08002efd   Thumb Code    14  __printf_wp.o(i._is_digit)
    _get_lc_numeric                          0x08002f0d   Thumb Code    44  lc_numeric_c.o(locale$$code)
    _get_lc_ctype                            0x08002f39   Thumb Code    44  lc_ctype_c.o(locale$$code)
    __aeabi_fadd                             0x08002f65   Thumb Code     0  faddsub_clz.o(x$fpl$fadd)
    _fadd                                    0x08002f65   Thumb Code   196  faddsub_clz.o(x$fpl$fadd)
    __aeabi_fdiv                             0x08003029   Thumb Code     0  fdiv.o(x$fpl$fdiv)
    _fdiv                                    0x08003029   Thumb Code   384  fdiv.o(x$fpl$fdiv)
    __aeabi_i2f                              0x080031ad   Thumb Code     0  fflt_clz.o(x$fpl$fflt)
    _fflt                                    0x080031ad   Thumb Code    48  fflt_clz.o(x$fpl$fflt)
    __aeabi_ui2f                             0x080031dd   Thumb Code     0  fflt_clz.o(x$fpl$ffltu)
    _ffltu                                   0x080031dd   Thumb Code    38  fflt_clz.o(x$fpl$ffltu)
    __fpl_fnaninf                            0x08003203   Thumb Code   140  fnaninf.o(x$fpl$fnaninf)
    __fpl_fretinf                            0x0800328f   Thumb Code    10  fretinf.o(x$fpl$fretinf)
    __aeabi_fsub                             0x08003299   Thumb Code     0  faddsub_clz.o(x$fpl$fsub)
    _fsub                                    0x08003299   Thumb Code   234  faddsub_clz.o(x$fpl$fsub)
    _printf_fp_dec                           0x08003383   Thumb Code     4  printf1.o(x$fpl$printf1)
    __I$use$fp                               0x08003386   Number         0  usenofp.o(x$fpl$usenofp)
    Region$$Table$$Base                      0x08003460   Number         0  anon$$obj.o(Region$$Table)
    Region$$Table$$Limit                     0x08003480   Number         0  anon$$obj.o(Region$$Table)
    __ctype                                  0x080034a9   Data           0  lc_ctype_c.o(locale$$data)
    SystemCoreClock                          0x20000014   Data           4  system_stm32f10x.o(.data)
    AHBPrescTable                            0x20000018   Data          16  system_stm32f10x.o(.data)
    Rx1Flag                                  0x2000002c   Data           2  usart.o(.data)
    Rx2Flag                                  0x2000002e   Data           2  usart.o(.data)
    Rx3Flag                                  0x20000030   Data           2  usart.o(.data)
    Rx4Flag                                  0x20000032   Data           2  usart.o(.data)
    Rx5Flag                                  0x20000034   Data           2  usart.o(.data)
    USART_RX2_STA                            0x20000036   Data           2  usart.o(.data)
    USART_RX3_STA                            0x20000038   Data           2  usart.o(.data)
    Rx1Buf                                   0x2000003c   Data         100  usart.o(.bss)
    Rx2Buf                                   0x200000a0   Data         100  usart.o(.bss)
    Rx3Buf                                   0x20000104   Data         100  usart.o(.bss)
    Rx4Buf                                   0x20000168   Data         100  usart.o(.bss)
    Rx5Buf                                   0x200001cc   Data         100  usart.o(.bss)
    __libspace_start                         0x20000230   Data          96  libspace.o(.bss)
    __temporary_stack_top$libspace           0x20000290   Data           0  libspace.o(.bss)



==============================================================================

Memory Map of the image

  Image Entry point : 0x08000131

  Load Region LR_IROM1 (Base: 0x08000000, Size: 0x000035e8, Max: 0x00080000, ABSOLUTE)

    Execution Region ER_IROM1 (Base: 0x08000000, Size: 0x000035ac, Max: 0x00080000, ABSOLUTE)

    Base Addr    Size         Type   Attr      Idx    E Section Name        Object

    0x08000000   0x00000130   Data   RO           19    RESET               startup_stm32f10x_hd.o
    0x08000130   0x00000008   Code   RO          387  * !!!main             c_w.l(__main.o)
    0x08000138   0x00000034   Code   RO          718    !!!scatter          c_w.l(__scatter.o)
    0x0800016c   0x0000001a   Code   RO          720    !!handler_copy      c_w.l(__scatter_copy.o)
    0x08000186   0x00000002   PAD
    0x08000188   0x0000001c   Code   RO          722    !!handler_zi        c_w.l(__scatter_zi.o)
    0x080001a4   0x00000000   Code   RO          489    .ARM.Collect$$_printf_percent$$00000000  c_w.l(_printf_percent.o)
    0x080001a4   0x00000006   Code   RO          478    .ARM.Collect$$_printf_percent$$00000001  c_w.l(_printf_n.o)
    0x080001aa   0x00000006   Code   RO          480    .ARM.Collect$$_printf_percent$$00000002  c_w.l(_printf_p.o)
    0x080001b0   0x00000006   Code   RO          485    .ARM.Collect$$_printf_percent$$00000003  c_w.l(_printf_f.o)
    0x080001b6   0x00000006   Code   RO          486    .ARM.Collect$$_printf_percent$$00000004  c_w.l(_printf_e.o)
    0x080001bc   0x00000006   Code   RO          487    .ARM.Collect$$_printf_percent$$00000005  c_w.l(_printf_g.o)
    0x080001c2   0x00000006   Code   RO          488    .ARM.Collect$$_printf_percent$$00000006  c_w.l(_printf_a.o)
    0x080001c8   0x0000000a   Code   RO          493    .ARM.Collect$$_printf_percent$$00000007  c_w.l(_printf_ll.o)
    0x080001d2   0x00000006   Code   RO          482    .ARM.Collect$$_printf_percent$$00000008  c_w.l(_printf_i.o)
    0x080001d8   0x00000006   Code   RO          483    .ARM.Collect$$_printf_percent$$00000009  c_w.l(_printf_d.o)
    0x080001de   0x00000006   Code   RO          484    .ARM.Collect$$_printf_percent$$0000000A  c_w.l(_printf_u.o)
    0x080001e4   0x00000006   Code   RO          481    .ARM.Collect$$_printf_percent$$0000000B  c_w.l(_printf_o.o)
    0x080001ea   0x00000006   Code   RO          479    .ARM.Collect$$_printf_percent$$0000000C  c_w.l(_printf_x.o)
    0x080001f0   0x00000006   Code   RO          490    .ARM.Collect$$_printf_percent$$0000000D  c_w.l(_printf_lli.o)
    0x080001f6   0x00000006   Code   RO          491    .ARM.Collect$$_printf_percent$$0000000E  c_w.l(_printf_lld.o)
    0x080001fc   0x00000006   Code   RO          492    .ARM.Collect$$_printf_percent$$0000000F  c_w.l(_printf_llu.o)
    0x08000202   0x00000006   Code   RO          497    .ARM.Collect$$_printf_percent$$00000010  c_w.l(_printf_llo.o)
    0x08000208   0x00000006   Code   RO          498    .ARM.Collect$$_printf_percent$$00000011  c_w.l(_printf_llx.o)
    0x0800020e   0x0000000a   Code   RO          494    .ARM.Collect$$_printf_percent$$00000012  c_w.l(_printf_l.o)
    0x08000218   0x00000006   Code   RO          476    .ARM.Collect$$_printf_percent$$00000013  c_w.l(_printf_c.o)
    0x0800021e   0x00000006   Code   RO          477    .ARM.Collect$$_printf_percent$$00000014  c_w.l(_printf_s.o)
    0x08000224   0x00000006   Code   RO          495    .ARM.Collect$$_printf_percent$$00000015  c_w.l(_printf_lc.o)
    0x0800022a   0x00000006   Code   RO          496    .ARM.Collect$$_printf_percent$$00000016  c_w.l(_printf_ls.o)
    0x08000230   0x00000004   Code   RO          533    .ARM.Collect$$_printf_percent$$00000017  c_w.l(_printf_percent_end.o)
    0x08000234   0x00000002   Code   RO          582    .ARM.Collect$$libinit$$00000000  c_w.l(libinit.o)
    0x08000236   0x00000000   Code   RO          598    .ARM.Collect$$libinit$$00000002  c_w.l(libinit2.o)
    0x08000236   0x00000000   Code   RO          601    .ARM.Collect$$libinit$$00000008  c_w.l(libinit2.o)
    0x08000236   0x00000000   Code   RO          603    .ARM.Collect$$libinit$$0000000A  c_w.l(libinit2.o)
    0x08000236   0x00000000   Code   RO          605    .ARM.Collect$$libinit$$0000000C  c_w.l(libinit2.o)
    0x08000236   0x00000006   Code   RO          606    .ARM.Collect$$libinit$$0000000D  c_w.l(libinit2.o)
    0x0800023c   0x00000000   Code   RO          608    .ARM.Collect$$libinit$$0000000F  c_w.l(libinit2.o)
    0x0800023c   0x0000000c   Code   RO          609    .ARM.Collect$$libinit$$00000010  c_w.l(libinit2.o)
    0x08000248   0x00000000   Code   RO          610    .ARM.Collect$$libinit$$00000011  c_w.l(libinit2.o)
    0x08000248   0x00000000   Code   RO          612    .ARM.Collect$$libinit$$00000013  c_w.l(libinit2.o)
    0x08000248   0x0000000a   Code   RO          613    .ARM.Collect$$libinit$$00000014  c_w.l(libinit2.o)
    0x08000252   0x00000000   Code   RO          614    .ARM.Collect$$libinit$$00000015  c_w.l(libinit2.o)
    0x08000252   0x00000000   Code   RO          616    .ARM.Collect$$libinit$$00000017  c_w.l(libinit2.o)
    0x08000252   0x00000000   Code   RO          618    .ARM.Collect$$libinit$$00000019  c_w.l(libinit2.o)
    0x08000252   0x00000000   Code   RO          620    .ARM.Collect$$libinit$$0000001B  c_w.l(libinit2.o)
    0x08000252   0x00000000   Code   RO          622    .ARM.Collect$$libinit$$0000001D  c_w.l(libinit2.o)
    0x08000252   0x00000000   Code   RO          624    .ARM.Collect$$libinit$$0000001F  c_w.l(libinit2.o)
    0x08000252   0x00000000   Code   RO          626    .ARM.Collect$$libinit$$00000021  c_w.l(libinit2.o)
    0x08000252   0x00000000   Code   RO          628    .ARM.Collect$$libinit$$00000023  c_w.l(libinit2.o)
    0x08000252   0x00000000   Code   RO          632    .ARM.Collect$$libinit$$0000002A  c_w.l(libinit2.o)
    0x08000252   0x00000000   Code   RO          634    .ARM.Collect$$libinit$$0000002C  c_w.l(libinit2.o)
    0x08000252   0x00000000   Code   RO          636    .ARM.Collect$$libinit$$0000002E  c_w.l(libinit2.o)
    0x08000252   0x00000000   Code   RO          638    .ARM.Collect$$libinit$$00000030  c_w.l(libinit2.o)
    0x08000252   0x00000002   Code   RO          639    .ARM.Collect$$libinit$$00000031  c_w.l(libinit2.o)
    0x08000254   0x00000002   Code   RO          659    .ARM.Collect$$libshutdown$$00000000  c_w.l(libshutdown.o)
    0x08000256   0x00000000   Code   RO          673    .ARM.Collect$$libshutdown$$00000003  c_w.l(libshutdown2.o)
    0x08000256   0x00000000   Code   RO          676    .ARM.Collect$$libshutdown$$00000006  c_w.l(libshutdown2.o)
    0x08000256   0x00000000   Code   RO          679    .ARM.Collect$$libshutdown$$00000009  c_w.l(libshutdown2.o)
    0x08000256   0x00000000   Code   RO          681    .ARM.Collect$$libshutdown$$0000000B  c_w.l(libshutdown2.o)
    0x08000256   0x00000000   Code   RO          684    .ARM.Collect$$libshutdown$$0000000E  c_w.l(libshutdown2.o)
    0x08000256   0x00000002   Code   RO          685    .ARM.Collect$$libshutdown$$0000000F  c_w.l(libshutdown2.o)
    0x08000258   0x00000000   Code   RO          405    .ARM.Collect$$rtentry$$00000000  c_w.l(rtentry.o)
    0x08000258   0x00000000   Code   RO          507    .ARM.Collect$$rtentry$$00000002  c_w.l(rtentry2.o)
    0x08000258   0x00000006   Code   RO          519    .ARM.Collect$$rtentry$$00000004  c_w.l(rtentry4.o)
    0x0800025e   0x00000000   Code   RO          509    .ARM.Collect$$rtentry$$00000009  c_w.l(rtentry2.o)
    0x0800025e   0x00000004   Code   RO          510    .ARM.Collect$$rtentry$$0000000A  c_w.l(rtentry2.o)
    0x08000262   0x00000000   Code   RO          512    .ARM.Collect$$rtentry$$0000000C  c_w.l(rtentry2.o)
    0x08000262   0x00000008   Code   RO          513    .ARM.Collect$$rtentry$$0000000D  c_w.l(rtentry2.o)
    0x0800026a   0x00000002   Code   RO          590    .ARM.Collect$$rtexit$$00000000  c_w.l(rtexit.o)
    0x0800026c   0x00000000   Code   RO          641    .ARM.Collect$$rtexit$$00000002  c_w.l(rtexit2.o)
    0x0800026c   0x00000004   Code   RO          642    .ARM.Collect$$rtexit$$00000003  c_w.l(rtexit2.o)
    0x08000270   0x00000006   Code   RO          643    .ARM.Collect$$rtexit$$00000004  c_w.l(rtexit2.o)
    0x08000276   0x00000002   PAD
    0x08000278   0x00000040   Code   RO           20    .text               startup_stm32f10x_hd.o
    0x080002b8   0x000000dc   Code   RO           24    .text               misc.o
    0x08000394   0x0000035c   Code   RO          119    .text               stm32f10x_gpio.o
    0x080006f0   0x000003a4   Code   RO          131    .text               stm32f10x_rcc.o
    0x08000a94   0x00000408   Code   RO          145    .text               stm32f10x_usart.o
    0x08000e9c   0x00000128   Code   RO          169    .text               main.o
    0x08000fc4   0x0000001a   Code   RO          227    .text               stm32f10x_it.o
    0x08000fde   0x00000002   PAD
    0x08000fe0   0x000001e0   Code   RO          242    .text               system_stm32f10x.o
    0x080011c0   0x0000011c   Code   RO          260    .text               hcsr04.o
    0x080012dc   0x000000ac   Code   RO          284    .text               delay.o
    0x08001388   0x00000440   Code   RO          316    .text               usart.o
    0x080017c8   0x000000da   Code   RO          341    .text               strtonum.o
    0x080018a2   0x00000042   Code   RO          359    .text               sort.o
    0x080018e4   0x00000034   Code   RO          379    .text               c_w.l(c89vsnprintf.o)
    0x08001918   0x0000003e   Code   RO          381    .text               c_w.l(strlen.o)
    0x08001956   0x0000004e   Code   RO          383    .text               c_w.l(rt_memclr_w.o)
    0x080019a4   0x00000006   Code   RO          385    .text               c_w.l(heapauxi.o)
    0x080019aa   0x0000004e   Code   RO          408    .text               c_w.l(_printf_pad.o)
    0x080019f8   0x00000024   Code   RO          410    .text               c_w.l(_printf_truncate.o)
    0x08001a1c   0x00000052   Code   RO          412    .text               c_w.l(_printf_str.o)
    0x08001a6e   0x00000002   PAD
    0x08001a70   0x00000074   Code   RO          414    .text               c_w.l(_printf_dec.o)
    0x08001ae4   0x00000028   Code   RO          416    .text               c_w.l(_printf_charcount.o)
    0x08001b0c   0x00000030   Code   RO          418    .text               c_w.l(_printf_char_common.o)
    0x08001b3c   0x0000000a   Code   RO          420    .text               c_w.l(_sputc.o)
    0x08001b46   0x00000010   Code   RO          422    .text               c_w.l(_snputc.o)
    0x08001b56   0x00000002   PAD
    0x08001b58   0x000000bc   Code   RO          424    .text               c_w.l(_printf_wctomb.o)
    0x08001c14   0x00000078   Code   RO          427    .text               c_w.l(_printf_longlong_dec.o)
    0x08001c8c   0x00000070   Code   RO          433    .text               c_w.l(_printf_oct_int_ll.o)
    0x08001cfc   0x00000094   Code   RO          453    .text               c_w.l(_printf_hex_int_ll_ptr.o)
    0x08001d90   0x00000188   Code   RO          473    .text               c_w.l(__printf_flags_ss_wp.o)
    0x08001f18   0x0000008a   Code   RO          521    .text               c_w.l(lludiv10.o)
    0x08001fa2   0x000000b2   Code   RO          523    .text               c_w.l(_printf_intcommon.o)
    0x08002054   0x00000416   Code   RO          525    .text               c_w.l(_printf_fp_dec.o)
    0x0800246a   0x0000002c   Code   RO          529    .text               c_w.l(_printf_char.o)
    0x08002496   0x0000002c   Code   RO          531    .text               c_w.l(_printf_wchar.o)
    0x080024c2   0x00000040   Code   RO          534    .text               c_w.l(_wcrtomb.o)
    0x08002502   0x0000004a   Code   RO          536    .text               c_w.l(sys_stackheap_outer.o)
    0x0800254c   0x00000010   Code   RO          538    .text               c_w.l(rt_ctype_table.o)
    0x0800255c   0x00000008   Code   RO          543    .text               c_w.l(rt_locale_intlibspace.o)
    0x08002564   0x00000080   Code   RO          545    .text               c_w.l(_printf_fp_infnan.o)
    0x080025e4   0x000000d8   Code   RO          547    .text               c_w.l(bigflt0.o)
    0x080026bc   0x0000000c   Code   RO          575    .text               c_w.l(exit.o)
    0x080026c8   0x00000008   Code   RO          587    .text               c_w.l(libspace.o)
    0x080026d0   0x00000080   Code   RO          595    .text               c_w.l(strcmpv7m.o)
    0x08002750   0x0000000c   Code   RO          651    .text               c_w.l(sys_exit.o)
    0x0800275c   0x00000002   Code   RO          662    .text               c_w.l(use_no_semi.o)
    0x0800275e   0x00000000   Code   RO          664    .text               c_w.l(indicate_semi.o)
    0x0800275e   0x0000003e   Code   RO          550    CL$$btod_d2e        c_w.l(btod.o)
    0x0800279c   0x00000046   Code   RO          552    CL$$btod_d2e_denorm_low  c_w.l(btod.o)
    0x080027e2   0x00000060   Code   RO          551    CL$$btod_d2e_norm_op1  c_w.l(btod.o)
    0x08002842   0x00000338   Code   RO          560    CL$$btod_div_common  c_w.l(btod.o)
    0x08002b7a   0x000000c6   Code   RO          557    CL$$btod_e2e        c_w.l(btod.o)
    0x08002c40   0x00000028   Code   RO          554    CL$$btod_ediv       c_w.l(btod.o)
    0x08002c68   0x00000028   Code   RO          553    CL$$btod_emul       c_w.l(btod.o)
    0x08002c90   0x00000244   Code   RO          559    CL$$btod_mult_common  c_w.l(btod.o)
    0x08002ed4   0x00000028   Code   RO          585    i.__ARM_fpclassify  m_ws.l(fpclassify.o)
    0x08002efc   0x0000000e   Code   RO          466    i._is_digit         c_w.l(__printf_wp.o)
    0x08002f0a   0x00000002   PAD
    0x08002f0c   0x0000002c   Code   RO          573    locale$$code        c_w.l(lc_numeric_c.o)
    0x08002f38   0x0000002c   Code   RO          593    locale$$code        c_w.l(lc_ctype_c.o)
    0x08002f64   0x000000c4   Code   RO          389    x$fpl$fadd          fz_ws.l(faddsub_clz.o)
    0x08003028   0x00000184   Code   RO          396    x$fpl$fdiv          fz_ws.l(fdiv.o)
    0x080031ac   0x00000030   Code   RO          400    x$fpl$fflt          fz_ws.l(fflt_clz.o)
    0x080031dc   0x00000026   Code   RO          399    x$fpl$ffltu         fz_ws.l(fflt_clz.o)
    0x08003202   0x0000008c   Code   RO          499    x$fpl$fnaninf       fz_ws.l(fnaninf.o)
    0x0800328e   0x0000000a   Code   RO          501    x$fpl$fretinf       fz_ws.l(fretinf.o)
    0x08003298   0x000000ea   Code   RO          391    x$fpl$fsub          fz_ws.l(faddsub_clz.o)
    0x08003382   0x00000004   Code   RO          503    x$fpl$printf1       fz_ws.l(printf1.o)
    0x08003386   0x00000000   Code   RO          505    x$fpl$usenofp       fz_ws.l(usenofp.o)
    0x08003386   0x00000002   PAD
    0x08003388   0x00000008   Data   RO          425    .constdata          c_w.l(_printf_wctomb.o)
    0x08003390   0x00000028   Data   RO          454    .constdata          c_w.l(_printf_hex_int_ll_ptr.o)
    0x080033b8   0x00000011   Data   RO          474    .constdata          c_w.l(__printf_flags_ss_wp.o)
    0x080033c9   0x00000003   PAD
    0x080033cc   0x00000094   Data   RO          548    .constdata          c_w.l(bigflt0.o)
    0x08003460   0x00000020   Data   RO          716    Region$$Table       anon$$obj.o
    0x08003480   0x0000001c   Data   RO          572    locale$$data        c_w.l(lc_numeric_c.o)
    0x0800349c   0x00000110   Data   RO          592    locale$$data        c_w.l(lc_ctype_c.o)


    Execution Region RW_IRAM1 (Base: 0x20000000, Size: 0x00000890, Max: 0x00010000, ABSOLUTE)

    Base Addr    Size         Type   Attr      Idx    E Section Name        Object

    0x20000000   0x00000014   Data   RW          132    .data               stm32f10x_rcc.o
    0x20000014   0x00000014   Data   RW          243    .data               system_stm32f10x.o
    0x20000028   0x00000004   Data   RW          285    .data               delay.o
    0x2000002c   0x0000000e   Data   RW          318    .data               usart.o
    0x2000003a   0x00000002   PAD
    0x2000003c   0x000001f4   Zero   RW          317    .bss                usart.o
    0x20000230   0x00000060   Zero   RW          588    .bss                c_w.l(libspace.o)
    0x20000290   0x00000200   Zero   RW           18    HEAP                startup_stm32f10x_hd.o
    0x20000490   0x00000400   Zero   RW           17    STACK               startup_stm32f10x_hd.o


==============================================================================

Image component sizes


      Code (inc. data)   RO Data    RW Data    ZI Data      Debug   Object Name

         0          0          0          0          0       4304   core_cm3.o
       172          8          0          4          0       1187   delay.o
       284         12          0          0          0       1382   hcsr04.o
       296         60          0          0          0     203979   main.o
       220         22          0          0          0     230065   misc.o
        66          0          0          0          0        714   sort.o
        64         26        304          0       1536        816   startup_stm32f10x_hd.o
       860         38          0          0          0       5725   stm32f10x_gpio.o
        26          0          0          0          0       1278   stm32f10x_it.o
       932         36          0         20          0       8952   stm32f10x_rcc.o
      1032         22          0          0          0       8444   stm32f10x_usart.o
       218          0          0          0          0       1852   strtonum.o
       480         38          0         20          0       1991   system_stm32f10x.o
      1088         44          0         14        500       4789   usart.o

    ----------------------------------------------------------------------
      5740        306        336         60       2036     475478   Object Totals
         0          0         32          0          0          0   (incl. Generated)
         2          0          0          2          0          0   (incl. Padding)

    ----------------------------------------------------------------------

      Code (inc. data)   RO Data    RW Data    ZI Data      Debug   Library Member Name

         8          0          0          0          0         68   __main.o
       392          4         17          0          0         92   __printf_flags_ss_wp.o
        14          0          0          0          0         68   __printf_wp.o
        52          8          0          0          0          0   __scatter.o
        26          0          0          0          0          0   __scatter_copy.o
        28          0          0          0          0          0   __scatter_zi.o
         6          0          0          0          0          0   _printf_a.o
         6          0          0          0          0          0   _printf_c.o
        44          0          0          0          0        108   _printf_char.o
        48          6          0          0          0         96   _printf_char_common.o
        40          0          0          0          0         68   _printf_charcount.o
         6          0          0          0          0          0   _printf_d.o
       116         16          0          0          0         92   _printf_dec.o
         6          0          0          0          0          0   _printf_e.o
         6          0          0          0          0          0   _printf_f.o
      1046          0          0          0          0        216   _printf_fp_dec.o
       128         16          0          0          0         84   _printf_fp_infnan.o
         6          0          0          0          0          0   _printf_g.o
       148          4         40          0          0        160   _printf_hex_int_ll_ptr.o
         6          0          0          0          0          0   _printf_i.o
       178          0          0          0          0         88   _printf_intcommon.o
        10          0          0          0          0          0   _printf_l.o
         6          0          0          0          0          0   _printf_lc.o
        10          0          0          0          0          0   _printf_ll.o
         6          0          0          0          0          0   _printf_lld.o
         6          0          0          0          0          0   _printf_lli.o
         6          0          0          0          0          0   _printf_llo.o
         6          0          0          0          0          0   _printf_llu.o
         6          0          0          0          0          0   _printf_llx.o
       120         16          0          0          0         92   _printf_longlong_dec.o
         6          0          0          0          0          0   _printf_ls.o
         6          0          0          0          0          0   _printf_n.o
         6          0          0          0          0          0   _printf_o.o
       112          8          0          0          0        124   _printf_oct_int_ll.o
         6          0          0          0          0          0   _printf_p.o
        78          0          0          0          0        108   _printf_pad.o
         0          0          0          0          0          0   _printf_percent.o
         4          0          0          0          0          0   _printf_percent_end.o
         6          0          0          0          0          0   _printf_s.o
        82          0          0          0          0         80   _printf_str.o
        36          0          0          0          0         84   _printf_truncate.o
         6          0          0          0          0          0   _printf_u.o
        44          0          0          0          0        108   _printf_wchar.o
       188          6          8          0          0         92   _printf_wctomb.o
         6          0          0          0          0          0   _printf_x.o
        16          0          0          0          0         68   _snputc.o
        10          0          0          0          0         68   _sputc.o
        64          0          0          0          0         92   _wcrtomb.o
       216          4        148          0          0         96   bigflt0.o
      1910        128          0          0          0        672   btod.o
        52          4          0          0          0         80   c89vsnprintf.o
        12          0          0          0          0         72   exit.o
         6          0          0          0          0        152   heapauxi.o
         0          0          0          0          0          0   indicate_semi.o
        44         10        272          0          0         76   lc_ctype_c.o
        44         10         28          0          0         76   lc_numeric_c.o
         2          0          0          0          0          0   libinit.o
        30          0          0          0          0          0   libinit2.o
         2          0          0          0          0          0   libshutdown.o
         2          0          0          0          0          0   libshutdown2.o
         8          4          0          0         96         68   libspace.o
       138          0          0          0          0         80   lludiv10.o
        16          4          0          0          0         76   rt_ctype_table.o
         8          4          0          0          0         68   rt_locale_intlibspace.o
        78          0          0          0          0         80   rt_memclr_w.o
         0          0          0          0          0          0   rtentry.o
        12          0          0          0          0          0   rtentry2.o
         6          0          0          0          0          0   rtentry4.o
         2          0          0          0          0          0   rtexit.o
        10          0          0          0          0          0   rtexit2.o
       128          0          0          0          0         68   strcmpv7m.o
        62          0          0          0          0         76   strlen.o
        12          4          0          0          0         68   sys_exit.o
        74          0          0          0          0         80   sys_stackheap_outer.o
         2          0          0          0          0         68   use_no_semi.o
       430          8          0          0          0        168   faddsub_clz.o
       388         76          0          0          0         96   fdiv.o
        86          0          0          0          0        136   fflt_clz.o
       140          4          0          0          0         84   fnaninf.o
        10          0          0          0          0         68   fretinf.o
         4          0          0          0          0         68   printf1.o
         0          0          0          0          0          0   usenofp.o
        40          0          0          0          0         68   fpclassify.o

    ----------------------------------------------------------------------
      7148        344        516          0         96       4700   Library Totals
        12          0          3          0          0          0   (incl. Padding)

    ----------------------------------------------------------------------

      Code (inc. data)   RO Data    RW Data    ZI Data      Debug   Library Name

      6038        256        513          0         96       4012   c_w.l
      1058         88          0          0          0        620   fz_ws.l
        40          0          0          0          0         68   m_ws.l

    ----------------------------------------------------------------------
      7148        344        516          0         96       4700   Library Totals

    ----------------------------------------------------------------------

==============================================================================


      Code (inc. data)   RO Data    RW Data    ZI Data      Debug   

     12888        650        852         60       2132     476742   Grand Totals
     12888        650        852         60       2132     476742   ELF Image Totals
     12888        650        852         60          0          0   ROM Totals

==============================================================================

    Total RO  Size (Code + RO Data)                13740 (  13.42kB)
    Total RW  Size (RW Data + ZI Data)              2192 (   2.14kB)
    Total ROM Size (Code + RO Data + RW Data)      13800 (  13.48kB)

==============================================================================

